Archive member included to satisfy reference by file (symbol)

C:/ST/STM32CubeIDE_1.12.1/STM32CubeIDE/plugins/com.st.stm32cube.ide.mcu.externaltools.gnu-tools-for-stm32.11.3.rel1.win32_1.1.0.202305231506/tools/bin/../lib/gcc/arm-none-eabi/11.3.1/../../../../arm-none-eabi/lib/thumb/v6-m/nofp\libm.a(libm_a-w_asin.o)
                              ./Core/Src/main.o (asin)
C:/ST/STM32CubeIDE_1.12.1/STM32CubeIDE/plugins/com.st.stm32cube.ide.mcu.externaltools.gnu-tools-for-stm32.11.3.rel1.win32_1.1.0.202305231506/tools/bin/../lib/gcc/arm-none-eabi/11.3.1/../../../../arm-none-eabi/lib/thumb/v6-m/nofp\libm.a(libm_a-w_fmod.o)
                              ./Core/Src/main.o (fmod)
C:/ST/STM32CubeIDE_1.12.1/STM32CubeIDE/plugins/com.st.stm32cube.ide.mcu.externaltools.gnu-tools-for-stm32.11.3.rel1.win32_1.1.0.202305231506/tools/bin/../lib/gcc/arm-none-eabi/11.3.1/../../../../arm-none-eabi/lib/thumb/v6-m/nofp\libm.a(libm_a-s_atan.o)
                              ./Core/Src/main.o (atan)
C:/ST/STM32CubeIDE_1.12.1/STM32CubeIDE/plugins/com.st.stm32cube.ide.mcu.externaltools.gnu-tools-for-stm32.11.3.rel1.win32_1.1.0.202305231506/tools/bin/../lib/gcc/arm-none-eabi/11.3.1/../../../../arm-none-eabi/lib/thumb/v6-m/nofp\libm.a(libm_a-s_cos.o)
                              ./Core/Src/main.o (cos)
C:/ST/STM32CubeIDE_1.12.1/STM32CubeIDE/plugins/com.st.stm32cube.ide.mcu.externaltools.gnu-tools-for-stm32.11.3.rel1.win32_1.1.0.202305231506/tools/bin/../lib/gcc/arm-none-eabi/11.3.1/../../../../arm-none-eabi/lib/thumb/v6-m/nofp\libm.a(libm_a-s_fabs.o)
                              C:/ST/STM32CubeIDE_1.12.1/STM32CubeIDE/plugins/com.st.stm32cube.ide.mcu.externaltools.gnu-tools-for-stm32.11.3.rel1.win32_1.1.0.202305231506/tools/bin/../lib/gcc/arm-none-eabi/11.3.1/../../../../arm-none-eabi/lib/thumb/v6-m/nofp\libm.a(libm_a-w_asin.o) (fabs)
C:/ST/STM32CubeIDE_1.12.1/STM32CubeIDE/plugins/com.st.stm32cube.ide.mcu.externaltools.gnu-tools-for-stm32.11.3.rel1.win32_1.1.0.202305231506/tools/bin/../lib/gcc/arm-none-eabi/11.3.1/../../../../arm-none-eabi/lib/thumb/v6-m/nofp\libm.a(libm_a-s_sin.o)
                              ./Core/Src/main.o (sin)
C:/ST/STM32CubeIDE_1.12.1/STM32CubeIDE/plugins/com.st.stm32cube.ide.mcu.externaltools.gnu-tools-for-stm32.11.3.rel1.win32_1.1.0.202305231506/tools/bin/../lib/gcc/arm-none-eabi/11.3.1/../../../../arm-none-eabi/lib/thumb/v6-m/nofp\libm.a(libm_a-s_nan.o)
                              C:/ST/STM32CubeIDE_1.12.1/STM32CubeIDE/plugins/com.st.stm32cube.ide.mcu.externaltools.gnu-tools-for-stm32.11.3.rel1.win32_1.1.0.202305231506/tools/bin/../lib/gcc/arm-none-eabi/11.3.1/../../../../arm-none-eabi/lib/thumb/v6-m/nofp\libm.a(libm_a-w_asin.o) (nan)
C:/ST/STM32CubeIDE_1.12.1/STM32CubeIDE/plugins/com.st.stm32cube.ide.mcu.externaltools.gnu-tools-for-stm32.11.3.rel1.win32_1.1.0.202305231506/tools/bin/../lib/gcc/arm-none-eabi/11.3.1/../../../../arm-none-eabi/lib/thumb/v6-m/nofp\libm.a(libm_a-k_cos.o)
                              C:/ST/STM32CubeIDE_1.12.1/STM32CubeIDE/plugins/com.st.stm32cube.ide.mcu.externaltools.gnu-tools-for-stm32.11.3.rel1.win32_1.1.0.202305231506/tools/bin/../lib/gcc/arm-none-eabi/11.3.1/../../../../arm-none-eabi/lib/thumb/v6-m/nofp\libm.a(libm_a-s_cos.o) (__kernel_cos)
C:/ST/STM32CubeIDE_1.12.1/STM32CubeIDE/plugins/com.st.stm32cube.ide.mcu.externaltools.gnu-tools-for-stm32.11.3.rel1.win32_1.1.0.202305231506/tools/bin/../lib/gcc/arm-none-eabi/11.3.1/../../../../arm-none-eabi/lib/thumb/v6-m/nofp\libm.a(libm_a-k_sin.o)
                              C:/ST/STM32CubeIDE_1.12.1/STM32CubeIDE/plugins/com.st.stm32cube.ide.mcu.externaltools.gnu-tools-for-stm32.11.3.rel1.win32_1.1.0.202305231506/tools/bin/../lib/gcc/arm-none-eabi/11.3.1/../../../../arm-none-eabi/lib/thumb/v6-m/nofp\libm.a(libm_a-s_cos.o) (__kernel_sin)
C:/ST/STM32CubeIDE_1.12.1/STM32CubeIDE/plugins/com.st.stm32cube.ide.mcu.externaltools.gnu-tools-for-stm32.11.3.rel1.win32_1.1.0.202305231506/tools/bin/../lib/gcc/arm-none-eabi/11.3.1/../../../../arm-none-eabi/lib/thumb/v6-m/nofp\libm.a(libm_a-e_asin.o)
                              C:/ST/STM32CubeIDE_1.12.1/STM32CubeIDE/plugins/com.st.stm32cube.ide.mcu.externaltools.gnu-tools-for-stm32.11.3.rel1.win32_1.1.0.202305231506/tools/bin/../lib/gcc/arm-none-eabi/11.3.1/../../../../arm-none-eabi/lib/thumb/v6-m/nofp\libm.a(libm_a-w_asin.o) (__ieee754_asin)
C:/ST/STM32CubeIDE_1.12.1/STM32CubeIDE/plugins/com.st.stm32cube.ide.mcu.externaltools.gnu-tools-for-stm32.11.3.rel1.win32_1.1.0.202305231506/tools/bin/../lib/gcc/arm-none-eabi/11.3.1/../../../../arm-none-eabi/lib/thumb/v6-m/nofp\libm.a(libm_a-e_fmod.o)
                              C:/ST/STM32CubeIDE_1.12.1/STM32CubeIDE/plugins/com.st.stm32cube.ide.mcu.externaltools.gnu-tools-for-stm32.11.3.rel1.win32_1.1.0.202305231506/tools/bin/../lib/gcc/arm-none-eabi/11.3.1/../../../../arm-none-eabi/lib/thumb/v6-m/nofp\libm.a(libm_a-w_fmod.o) (__ieee754_fmod)
[...]
Memory Configuration

Name             Origin             Length             Attributes
RAM              0x0000000020000000 0x0000000000001000 xrw
FLASH            0x0000000008000000 0x0000000000008000 xr
*default*        0x0000000000000000 0xffffffffffffffff

Linker script and memory map

LOAD C:/ST/STM32CubeIDE_1.12.1/STM32CubeIDE/plugins/com.st.stm32cube.ide.mcu.externaltools.gnu-tools-for-stm32.11.3.rel1.win32_1.1.0.202305231506/tools/bin/../lib/gcc/arm-none-eabi/11.3.1/thumb/v6-m/nofp/crti.o
LOAD C:/ST/STM32CubeIDE_1.12.1/STM32CubeIDE/plugins/com.st.stm32cube.ide.mcu.externaltools.gnu-tools-for-stm32.11.3.rel1.win32_1.1.0.202305231506/tools/bin/../lib/gcc/arm-none-eabi/11.3.1/thumb/v6-m/nofp/crtbegin.o
LOAD C:/ST/STM32CubeIDE_1.12.1/STM32CubeIDE/plugins/com.st.stm32cube.ide.mcu.externaltools.gnu-tools-for-stm32.11.3.rel1.win32_1.1.0.202305231506/tools/bin/../lib/gcc/arm-none-eabi/11.3.1/../../../../arm-none-eabi/lib/thumb/v6-m/nofp/crt0.o
LOAD ./Core/Src/main.o
LOAD ./Core/Src/stm32f0xx_hal_msp.o
LOAD ./Core/Src/stm32f0xx_it.o
LOAD ./Core/Src/syscalls.o
LOAD ./Core/Src/sysmem.o
LOAD ./Core/Src/system_stm32f0xx.o
LOAD ./Core/Startup/startup_stm32f031k6tx.o
LOAD ./Drivers/STM32F0xx_HAL_Driver/Src/stm32f0xx_hal.o
LOAD ./Drivers/STM32F0xx_HAL_Driver/Src/stm32f0xx_hal_cortex.o
LOAD ./Drivers/STM32F0xx_HAL_Driver/Src/stm32f0xx_hal_dma.o
LOAD ./Drivers/STM32F0xx_HAL_Driver/Src/stm32f0xx_hal_exti.o
LOAD ./Drivers/STM32F0xx_HAL_Driver/Src/stm32f0xx_hal_flash.o
LOAD ./Drivers/STM32F0xx_HAL_Driver/Src/stm32f0xx_hal_flash_ex.o
LOAD ./Drivers/STM32F0xx_HAL_Driver/Src/stm32f0xx_hal_gpio.o
LOAD ./Drivers/STM32F0xx_HAL_Driver/Src/stm32f0xx_hal_i2c.o
LOAD ./Drivers/STM32F0xx_HAL_Driver/Src/stm32f0xx_hal_i2c_ex.o
LOAD ./Drivers/STM32F0xx_HAL_Driver/Src/stm32f0xx_hal_pwr.o
LOAD ./Drivers/STM32F0xx_HAL_Driver/Src/stm32f0xx_hal_pwr_ex.o
LOAD ./Drivers/STM32F0xx_HAL_Driver/Src/stm32f0xx_hal_rcc.o
LOAD ./Drivers/STM32F0xx_HAL_Driver/Src/stm32f0xx_hal_rcc_ex.o
LOAD ./Drivers/STM32F0xx_HAL_Driver/Src/stm32f0xx_hal_tim.o
LOAD ./Drivers/STM32F0xx_HAL_Driver/Src/stm32f0xx_hal_tim_ex.o
LOAD ./Drivers/STM32F0xx_HAL_Driver/Src/stm32f0xx_hal_uart.o
LOAD ./Drivers/STM32F0xx_HAL_Driver/Src/stm32f0xx_hal_uart_ex.o
START GROUP
LOAD C:/ST/STM32CubeIDE_1.12.1/STM32CubeIDE/plugins/com.st.stm32cube.ide.mcu.externaltools.gnu-tools-for-stm32.11.3.rel1.win32_1.1.0.202305231506/tools/bin/../lib/gcc/arm-none-eabi/11.3.1/../../../../arm-none-eabi/lib/thumb/v6-m/nofp\libstdc++_nano.a
LOAD C:/ST/STM32CubeIDE_1.12.1/STM32CubeIDE/plugins/com.st.stm32cube.ide.mcu.externaltools.gnu-tools-for-stm32.11.3.rel1.win32_1.1.0.202305231506/tools/bin/../lib/gcc/arm-none-eabi/11.3.1/../../../../arm-none-eabi/lib/thumb/v6-m/nofp\libsupc++_nano.a
END GROUP
LOAD C:/ST/STM32CubeIDE_1.12.1/STM32CubeIDE/plugins/com.st.stm32cube.ide.mcu.externaltools.gnu-tools-for-stm32.11.3.rel1.win32_1.1.0.202305231506/tools/bin/../lib/gcc/arm-none-eabi/11.3.1/../../../../arm-none-eabi/lib/thumb/v6-m/nofp\libstdc++_nano.a
LOAD C:/ST/STM32CubeIDE_1.12.1/STM32CubeIDE/plugins/com.st.stm32cube.ide.mcu.externaltools.gnu-tools-for-stm32.11.3.rel1.win32_1.1.0.202305231506/tools/bin/../lib/gcc/arm-none-eabi/11.3.1/../../../../arm-none-eabi/lib/thumb/v6-m/nofp\libm.a
LOAD C:/ST/STM32CubeIDE_1.12.1/STM32CubeIDE/plugins/com.st.stm32cube.ide.mcu.externaltools.gnu-tools-for-stm32.11.3.rel1.win32_1.1.0.202305231506/tools/bin/../lib/gcc/arm-none-eabi/11.3.1/../../../../arm-none-eabi/lib/thumb/v6-m/nofp\libc_nano.a
START GROUP
LOAD C:/ST/STM32CubeIDE_1.12.1/STM32CubeIDE/plugins/com.st.stm32cube.ide.mcu.externaltools.gnu-tools-for-stm32.11.3.rel1.win32_1.1.0.202305231506/tools/bin/../lib/gcc/arm-none-eabi/11.3.1/thumb/v6-m/nofp\libgcc.a
LOAD C:/ST/STM32CubeIDE_1.12.1/STM32CubeIDE/plugins/com.st.stm32cube.ide.mcu.externaltools.gnu-tools-for-stm32.11.3.rel1.win32_1.1.0.202305231506/tools/bin/../lib/gcc/arm-none-eabi/11.3.1/../../../../arm-none-eabi/lib/thumb/v6-m/nofp\libc_nano.a
END GROUP
START GROUP
LOAD C:/ST/STM32CubeIDE_1.12.1/STM32CubeIDE/plugins/com.st.stm32cube.ide.mcu.externaltools.gnu-tools-for-stm32.11.3.rel1.win32_1.1.0.202305231506/tools/bin/../lib/gcc/arm-none-eabi/11.3.1/thumb/v6-m/nofp\libgcc.a
LOAD C:/ST/STM32CubeIDE_1.12.1/STM32CubeIDE/plugins/com.st.stm32cube.ide.mcu.externaltools.gnu-tools-for-stm32.11.3.rel1.win32_1.1.0.202305231506/tools/bin/../lib/gcc/arm-none-eabi/11.3.1/../../../../arm-none-eabi/lib/thumb/v6-m/nofp\libc_nano.a
LOAD C:/ST/STM32CubeIDE_1.12.1/STM32CubeIDE/plugins/com.st.stm32cube.ide.mcu.externaltools.gnu-tools-for-stm32.11.3.rel1.win32_1.1.0.202305231506/tools/bin/../lib/gcc/arm-none-eabi/11.3.1/../../../../arm-none-eabi/lib/thumb/v6-m/nofp\libnosys.a
END GROUP
START GROUP
LOAD C:/ST/STM32CubeIDE_1.12.1/STM32CubeIDE/plugins/com.st.stm32cube.ide.mcu.externaltools.gnu-tools-for-stm32.11.3.rel1.win32_1.1.0.202305231506/tools/bin/../lib/gcc/arm-none-eabi/11.3.1/thumb/v6-m/nofp\libgcc.a
LOAD C:/ST/STM32CubeIDE_1.12.1/STM32CubeIDE/plugins/com.st.stm32cube.ide.mcu.externaltools.gnu-tools-for-stm32.11.3.rel1.win32_1.1.0.202305231506/tools/bin/../lib/gcc/arm-none-eabi/11.3.1/../../../../arm-none-eabi/lib/thumb/v6-m/nofp\libc_nano.a
LOAD C:/ST/STM32CubeIDE_1.12.1/STM32CubeIDE/plugins/com.st.stm32cube.ide.mcu.externaltools.gnu-tools-for-stm32.11.3.rel1.win32_1.1.0.202305231506/tools/bin/../lib/gcc/arm-none-eabi/11.3.1/../../../../arm-none-eabi/lib/thumb/v6-m/nofp\libnosys.a
END GROUP
LOAD C:/ST/STM32CubeIDE_1.12.1/STM32CubeIDE/plugins/com.st.stm32cube.ide.mcu.externaltools.gnu-tools-for-stm32.11.3.rel1.win32_1.1.0.202305231506/tools/bin/../lib/gcc/arm-none-eabi/11.3.1/thumb/v6-m/nofp/crtend.o
LOAD C:/ST/STM32CubeIDE_1.12.1/STM32CubeIDE/plugins/com.st.stm32cube.ide.mcu.externaltools.gnu-tools-for-stm32.11.3.rel1.win32_1.1.0.202305231506/tools/bin/../lib/gcc/arm-none-eabi/11.3.1/thumb/v6-m/nofp/crtn.o
                0x0000000020001000                _estack = (ORIGIN (RAM) + LENGTH (RAM))
                0x0000000000000200                _Min_Heap_Size = 0x200
                0x0000000000000400                _Min_Stack_Size = 0x400

.isr_vector     0x0000000008000000       0xc0
                0x0000000008000000                . = ALIGN (0x4)
 *(.isr_vector)
 .isr_vector    0x0000000008000000       0xc0 ./Core/Startup/startup_stm32f031k6tx.o
                0x0000000008000000                g_pfnVectors
                0x00000000080000c0                . = ALIGN (0x4)

.text           0x00000000080000c0     0x6700
                0x00000000080000c0                . = ALIGN (0x4)
 *(.text)
 .text          0x00000000080000c0       0x48 C:/ST/STM32CubeIDE_1.12.1/STM32CubeIDE/plugins/com.st.stm32cube.ide.mcu.externaltools.gnu-tools-for-stm32.11.3.rel1.win32_1.1.0.202305231506/tools/bin/../lib/gcc/arm-none-eabi/11.3.1/thumb/v6-m/nofp/crtbegin.o
 .text          0x0000000008000108       0x14 C:/ST/STM32CubeIDE_1.12.1/STM32CubeIDE/plugins/com.st.stm32cube.ide.mcu.externaltools.gnu-tools-for-stm32.11.3.rel1.win32_1.1.0.202305231506/tools/bin/../lib/gcc/arm-none-eabi/11.3.1/thumb/v6-m/nofp\libgcc.a(_thumb1_case_sqi.o)
                0x0000000008000108                __gnu_thumb1_case_sqi
 .text          0x000000000800011c       0x14 C:/ST/STM32CubeIDE_1.12.1/STM32CubeIDE/plugins/com.st.stm32cube.ide.mcu.externaltools.gnu-tools-for-stm32.11.3.rel1.win32_1.1.0.202305231506/tools/bin/../lib/gcc/arm-none-eabi/11.3.1/thumb/v6-m/nofp\libgcc.a(_thumb1_case_uqi.o)
                0x000000000800011c                __gnu_thumb1_case_uqi
 .text          0x0000000008000130       0x14 C:/ST/STM32CubeIDE_1.12.1/STM32CubeIDE/plugins/com.st.stm32cube.ide.mcu.externaltools.gnu-tools-for-stm32.11.3.rel1.win32_1.1.0.202305231506/tools/bin/../lib/gcc/arm-none-eabi/11.3.1/thumb/v6-m/nofp\libgcc.a(_thumb1_case_uhi.o)
                0x0000000008000130                __gnu_thumb1_case_uhi
 .text          0x0000000008000144      0x114 C:/ST/STM32CubeIDE_1.12.1/STM32CubeIDE/plugins/com.st.stm32cube.ide.mcu.externaltools.gnu-tools-for-stm32.11.3.rel1.win32_1.1.0.202305231506/tools/bin/../lib/gcc/arm-none-eabi/11.3.1/thumb/v6-m/nofp\libgcc.a(_udivsi3.o)
                0x0000000008000144                __aeabi_uidiv
                0x0000000008000144                __udivsi3
                0x0000000008000250                __aeabi_uidivmod
 .text          0x0000000008000258      0x1d4 C:/ST/STM32CubeIDE_1.12.1/STM32CubeIDE/plugins/com.st.stm32cube.ide.mcu.externaltools.gnu-tools-for-stm32.11.3.rel1.win32_1.1.0.202305231506/tools/bin/../lib/gcc/arm-none-eabi/11.3.1/thumb/v6-m/nofp\libgcc.a(_divsi3.o)
                0x0000000008000258                __divsi3
                0x0000000008000258                __aeabi_idiv
                0x0000000008000424                __aeabi_idivmod
 .text          0x000000000800042c        0x4 C:/ST/STM32CubeIDE_1.12.1/STM32CubeIDE/plugins/com.st.stm32cube.ide.mcu.externaltools.gnu-tools-for-stm32.11.3.rel1.win32_1.1.0.202305231506/tools/bin/../lib/gcc/arm-none-eabi/11.3.1/thumb/v6-m/nofp\libgcc.a(_dvmd_tls.o)
                0x000000000800042c                __aeabi_idiv0
                0x000000000800042c                __aeabi_ldiv0
 .text          0x0000000008000430       0x7c C:/ST/STM32CubeIDE_1.12.1/STM32CubeIDE/plugins/com.st.stm32cube.ide.mcu.externaltools.gnu-tools-for-stm32.11.3.rel1.win32_1.1.0.202305231506/tools/bin/../lib/gcc/arm-none-eabi/11.3.1/thumb/v6-m/nofp\libgcc.a(_arm_cmpdf2.o)
                0x0000000008000430                __aeabi_cdrcmple
                0x0000000008000440                __aeabi_cdcmple
                0x0000000008000440                __aeabi_cdcmpeq
                0x0000000008000450                __aeabi_dcmpeq
                0x000000000800045c                __aeabi_dcmplt
                0x0000000008000470                __aeabi_dcmple
                0x0000000008000484                __aeabi_dcmpgt
                0x0000000008000498                __aeabi_dcmpge
 .text          0x00000000080004ac      0x6c0 C:/ST/STM32CubeIDE_1.12.1/STM32CubeIDE/plugins/com.st.stm32cube.ide.mcu.externaltools.gnu-tools-for-stm32.11.3.rel1.win32_1.1.0.202305231506/tools/bin/../lib/gcc/arm-none-eabi/11.3.1/thumb/v6-m/nofp\libgcc.a(adddf3.o)
                0x00000000080004ac                __aeabi_dadd
 .text          0x0000000008000b6c      0x5dc C:/ST/STM32CubeIDE_1.12.1/STM32CubeIDE/plugins/com.st.stm32cube.ide.mcu.externaltools.gnu-tools-for-stm32.11.3.rel1.win32_1.1.0.202305231506/tools/bin/../lib/gcc/arm-none-eabi/11.3.1/thumb/v6-m/nofp\libgcc.a(divdf3.o)
                0x0000000008000b6c                __aeabi_ddiv
 .text          0x0000000008001148       0x84 C:/ST/STM32CubeIDE_1.12.1/STM32CubeIDE/plugins/com.st.stm32cube.ide.mcu.externaltools.gnu-tools-for-stm32.11.3.rel1.win32_1.1.0.202305231506/tools/bin/../lib/gcc/arm-none-eabi/11.3.1/thumb/v6-m/nofp\libgcc.a(eqdf2.o)
                0x0000000008001148                __nedf2
                0x0000000008001148                __eqdf2
 .text          0x00000000080011cc       0xcc C:/ST/STM32CubeIDE_1.12.1/STM32CubeIDE/plugins/com.st.stm32cube.ide.mcu.externaltools.gnu-tools-for-stm32.11.3.rel1.win32_1.1.0.202305231506/tools/bin/../lib/gcc/arm-none-eabi/11.3.1/thumb/v6-m/nofp\libgcc.a(gedf2.o)
                0x00000000080011cc                __gedf2
                0x00000000080011cc                __gtdf2
 .text          0x0000000008001298       0xc8 C:/ST/STM32CubeIDE_1.12.1/STM32CubeIDE/plugins/com.st.stm32cube.ide.mcu.externaltools.gnu-tools-for-stm32.11.3.rel1.win32_1.1.0.202305231506/tools/bin/../lib/gcc/arm-none-eabi/11.3.1/thumb/v6-m/nofp\libgcc.a(ledf2.o)
                0x0000000008001298                __ledf2
                0x0000000008001298                __ltdf2
 .text          0x0000000008001360      0x584 C:/ST/STM32CubeIDE_1.12.1/STM32CubeIDE/plugins/com.st.stm32cube.ide.mcu.externaltools.gnu-tools-for-stm32.11.3.rel1.win32_1.1.0.202305231506/tools/bin/../lib/gcc/arm-none-eabi/11.3.1/thumb/v6-m/nofp\libgcc.a(muldf3.o)
                0x0000000008001360                __aeabi_dmul
 .text          0x00000000080018e4      0x704 C:/ST/STM32CubeIDE_1.12.1/STM32CubeIDE/plugins/com.st.stm32cube.ide.mcu.externaltools.gnu-tools-for-stm32.11.3.rel1.win32_1.1.0.202305231506/tools/bin/../lib/gcc/arm-none-eabi/11.3.1/thumb/v6-m/nofp\libgcc.a(subdf3.o)
                0x00000000080018e4                __aeabi_dsub
 .text          0x0000000008001fe8       0x3c C:/ST/STM32CubeIDE_1.12.1/STM32CubeIDE/plugins/com.st.stm32cube.ide.mcu.externaltools.gnu-tools-for-stm32.11.3.rel1.win32_1.1.0.202305231506/tools/bin/../lib/gcc/arm-none-eabi/11.3.1/thumb/v6-m/nofp\libgcc.a(unorddf2.o)
                0x0000000008001fe8                __aeabi_dcmpun
 .text          0x0000000008002024       0x6c C:/ST/STM32CubeIDE_1.12.1/STM32CubeIDE/plugins/com.st.stm32cube.ide.mcu.externaltools.gnu-tools-for-stm32.11.3.rel1.win32_1.1.0.202305231506/tools/bin/../lib/gcc/arm-none-eabi/11.3.1/thumb/v6-m/nofp\libgcc.a(fixdfsi.o)
                0x0000000008002024                __aeabi_d2iz
 .text          0x0000000008002090       0x60 C:/ST/STM32CubeIDE_1.12.1/STM32CubeIDE/plugins/com.st.stm32cube.ide.mcu.externaltools.gnu-tools-for-stm32.11.3.rel1.win32_1.1.0.202305231506/tools/bin/../lib/gcc/arm-none-eabi/11.3.1/thumb/v6-m/nofp\libgcc.a(floatsidf.o)
                0x0000000008002090                __aeabi_i2d
 .text          0x00000000080020f0       0x3c C:/ST/STM32CubeIDE_1.12.1/STM32CubeIDE/plugins/com.st.stm32cube.ide.mcu.externaltools.gnu-tools-for-stm32.11.3.rel1.win32_1.1.0.202305231506/tools/bin/../lib/gcc/arm-none-eabi/11.3.1/thumb/v6-m/nofp\libgcc.a(_clzsi2.o)
                0x00000000080020f0                __clzsi2
 *(.text*)
 .text.itoa.part.0
                0x000000000800212c       0x58 ./Core/Src/main.o
 .text.bcdToDec
                0x0000000008002184       0x10 ./Core/Src/main.o
                0x0000000008002184                bcdToDec
 .text.Get_Time
                0x0000000008002194       0x74 ./Core/Src/main.o
                0x0000000008002194                Get_Time
 .text.is_leap_year
                0x0000000008002208       0x28 ./Core/Src/main.o
                0x0000000008002208                is_leap_year
 .text.sun_azimut
                0x0000000008002230      0x59c ./Core/Src/main.o
                0x0000000008002230                sun_azimut
 .text.SystemClock_Config
                0x00000000080027cc       0x78 ./Core/Src/main.o
                0x00000000080027cc                SystemClock_Config
 .text.startup.main
                0x0000000008002844      0x220 ./Core/Src/main.o
                0x0000000008002844                main
 .text.HAL_TIM_PeriodElapsedCallback
                0x0000000008002a64       0x68 ./Core/Src/main.o
                0x0000000008002a64                HAL_TIM_PeriodElapsedCallback
 .text.HAL_GPIO_EXTI_Callback
                0x0000000008002acc       0x48 ./Core/Src/main.o
                0x0000000008002acc                HAL_GPIO_EXTI_Callback
 .text.USART1_IRQHandler
                0x0000000008002b14      0x208 ./Core/Src/main.o
                0x0000000008002b14                USART1_IRQHandler
 .text.HAL_MspInit
                0x0000000008002d1c       0x30 ./Core/Src/stm32f0xx_hal_msp.o
                0x0000000008002d1c                HAL_MspInit
 .text.HAL_I2C_MspInit
                0x0000000008002d4c       0x68 ./Core/Src/stm32f0xx_hal_msp.o
                0x0000000008002d4c                HAL_I2C_MspInit
 .text.HAL_TIM_Base_MspInit
                0x0000000008002db4       0x64 ./Core/Src/stm32f0xx_hal_msp.o
                0x0000000008002db4                HAL_TIM_Base_MspInit
 .text.HAL_UART_MspInit
                0x0000000008002e18       0x78 ./Core/Src/stm32f0xx_hal_msp.o
                0x0000000008002e18                HAL_UART_MspInit
 .text.NMI_Handler
                0x0000000008002e90        0x2 ./Core/Src/stm32f0xx_it.o
                0x0000000008002e90                NMI_Handler
 .text.HardFault_Handler
                0x0000000008002e92        0x2 ./Core/Src/stm32f0xx_it.o
                0x0000000008002e92                HardFault_Handler
 .text.SVC_Handler
                0x0000000008002e94        0x2 ./Core/Src/stm32f0xx_it.o
                0x0000000008002e94                SVC_Handler
 .text.PendSV_Handler
                0x0000000008002e96        0x2 ./Core/Src/stm32f0xx_it.o
                0x0000000008002e96                PendSV_Handler
 .text.SysTick_Handler
                0x0000000008002e98        0x8 ./Core/Src/stm32f0xx_it.o
                0x0000000008002e98                SysTick_Handler
 .text.EXTI0_1_IRQHandler
                0x0000000008002ea0        0xa ./Core/Src/stm32f0xx_it.o
                0x0000000008002ea0                EXTI0_1_IRQHandler
 .text.EXTI4_15_IRQHandler
                0x0000000008002eaa       0x12 ./Core/Src/stm32f0xx_it.o
                0x0000000008002eaa                EXTI4_15_IRQHandler
 .text.TIM16_IRQHandler
                0x0000000008002ebc       0x10 ./Core/Src/stm32f0xx_it.o
                0x0000000008002ebc                TIM16_IRQHandler
 .text.TIM17_IRQHandler
                0x0000000008002ecc       0x10 ./Core/Src/stm32f0xx_it.o
                0x0000000008002ecc                TIM17_IRQHandler
 .text.SystemInit
                0x0000000008002edc        0x2 ./Core/Src/system_stm32f0xx.o
                0x0000000008002edc                SystemInit
 *fill*         0x0000000008002ede        0x2 
 .text.Reset_Handler
                0x0000000008002ee0       0x50 ./Core/Startup/startup_stm32f031k6tx.o
                0x0000000008002ee0                Reset_Handler
 .text.Default_Handler
                0x0000000008002f30        0x2 ./Core/Startup/startup_stm32f031k6tx.o
                0x0000000008002f30                TIM1_CC_IRQHandler
                0x0000000008002f30                PVD_IRQHandler
                0x0000000008002f30                I2C1_IRQHandler
                0x0000000008002f30                SPI1_IRQHandler
                0x0000000008002f30                EXTI2_3_IRQHandler
                0x0000000008002f30                ADC1_IRQHandler
                0x0000000008002f30                RTC_IRQHandler
                0x0000000008002f30                TIM3_IRQHandler
                0x0000000008002f30                RCC_IRQHandler
                0x0000000008002f30                DMA1_Channel1_IRQHandler
                0x0000000008002f30                Default_Handler
                0x0000000008002f30                TIM14_IRQHandler
                0x0000000008002f30                DMA1_Channel4_5_IRQHandler
                0x0000000008002f30                WWDG_IRQHandler
                0x0000000008002f30                TIM2_IRQHandler
                0x0000000008002f30                DMA1_Channel2_3_IRQHandler
                0x0000000008002f30                FLASH_IRQHandler
                0x0000000008002f30                TIM1_BRK_UP_TRG_COM_IRQHandler
 *fill*         0x0000000008002f32        0x2 
 .text.HAL_InitTick
                0x0000000008002f34       0x48 ./Drivers/STM32F0xx_HAL_Driver/Src/stm32f0xx_hal.o
                0x0000000008002f34                HAL_InitTick
 .text.HAL_Init
                0x0000000008002f7c       0x20 ./Drivers/STM32F0xx_HAL_Driver/Src/stm32f0xx_hal.o
                0x0000000008002f7c                HAL_Init
 .text.HAL_IncTick
                0x0000000008002f9c       0x18 ./Drivers/STM32F0xx_HAL_Driver/Src/stm32f0xx_hal.o
                0x0000000008002f9c                HAL_IncTick
 .text.HAL_GetTick
                0x0000000008002fb4        0xc ./Drivers/STM32F0xx_HAL_Driver/Src/stm32f0xx_hal.o
                0x0000000008002fb4                HAL_GetTick
 .text.HAL_NVIC_SetPriority
                0x0000000008002fc0       0x54 ./Drivers/STM32F0xx_HAL_Driver/Src/stm32f0xx_hal_cortex.o
                0x0000000008002fc0                HAL_NVIC_SetPriority
 .text.HAL_NVIC_EnableIRQ
                0x0000000008003014       0x18 ./Drivers/STM32F0xx_HAL_Driver/Src/stm32f0xx_hal_cortex.o
                0x0000000008003014                HAL_NVIC_EnableIRQ
 .text.HAL_SYSTICK_Config
                0x000000000800302c       0x34 ./Drivers/STM32F0xx_HAL_Driver/Src/stm32f0xx_hal_cortex.o
                0x000000000800302c                HAL_SYSTICK_Config
 .text.HAL_DMA_Abort
                0x0000000008003060       0x3c ./Drivers/STM32F0xx_HAL_Driver/Src/stm32f0xx_hal_dma.o
                0x0000000008003060                HAL_DMA_Abort
 .text.HAL_DMA_Abort_IT
                0x000000000800309c       0x46 ./Drivers/STM32F0xx_HAL_Driver/Src/stm32f0xx_hal_dma.o
                0x000000000800309c                HAL_DMA_Abort_IT
 *fill*         0x00000000080030e2        0x2 
 .text.HAL_GPIO_Init
                0x00000000080030e4      0x164 ./Drivers/STM32F0xx_HAL_Driver/Src/stm32f0xx_hal_gpio.o
                0x00000000080030e4                HAL_GPIO_Init
 .text.HAL_GPIO_ReadPin
                0x0000000008003248        0xc ./Drivers/STM32F0xx_HAL_Driver/Src/stm32f0xx_hal_gpio.o
                0x0000000008003248                HAL_GPIO_ReadPin
 .text.HAL_GPIO_WritePin
                0x0000000008003254        0xc ./Drivers/STM32F0xx_HAL_Driver/Src/stm32f0xx_hal_gpio.o
                0x0000000008003254                HAL_GPIO_WritePin
 .text.HAL_GPIO_TogglePin
                0x0000000008003260       0x10 ./Drivers/STM32F0xx_HAL_Driver/Src/stm32f0xx_hal_gpio.o
                0x0000000008003260                HAL_GPIO_TogglePin
 .text.HAL_GPIO_EXTI_IRQHandler
                0x0000000008003270       0x18 ./Drivers/STM32F0xx_HAL_Driver/Src/stm32f0xx_hal_gpio.o
                0x0000000008003270                HAL_GPIO_EXTI_IRQHandler
 .text.I2C_Flush_TXDR
                0x0000000008003288       0x1c ./Drivers/STM32F0xx_HAL_Driver/Src/stm32f0xx_hal_i2c.o
 .text.I2C_TransferConfig
                0x00000000080032a4       0x2c ./Drivers/STM32F0xx_HAL_Driver/Src/stm32f0xx_hal_i2c.o
 .text.I2C_IsErrorOccurred
                0x00000000080032d0      0x104 ./Drivers/STM32F0xx_HAL_Driver/Src/stm32f0xx_hal_i2c.o
 .text.I2C_WaitOnTXISFlagUntilTimeout
                0x00000000080033d4       0x5a ./Drivers/STM32F0xx_HAL_Driver/Src/stm32f0xx_hal_i2c.o
 .text.I2C_WaitOnFlagUntilTimeout
                0x000000000800342e       0x60 ./Drivers/STM32F0xx_HAL_Driver/Src/stm32f0xx_hal_i2c.o
 .text.I2C_WaitOnSTOPFlagUntilTimeout
                0x000000000800348e       0x54 ./Drivers/STM32F0xx_HAL_Driver/Src/stm32f0xx_hal_i2c.o
 *fill*         0x00000000080034e2        0x2 
 .text.HAL_I2C_Init
                0x00000000080034e4       0xac ./Drivers/STM32F0xx_HAL_Driver/Src/stm32f0xx_hal_i2c.o
                0x00000000080034e4                HAL_I2C_Init
 .text.HAL_I2C_Mem_Read
                0x0000000008003590      0x1cc ./Drivers/STM32F0xx_HAL_Driver/Src/stm32f0xx_hal_i2c.o
                0x0000000008003590                HAL_I2C_Mem_Read
 .text.HAL_I2CEx_ConfigAnalogFilter
                0x000000000800375c       0x4c ./Drivers/STM32F0xx_HAL_Driver/Src/stm32f0xx_hal_i2c_ex.o
                0x000000000800375c                HAL_I2CEx_ConfigAnalogFilter
 .text.HAL_I2CEx_ConfigDigitalFilter
                0x00000000080037a8       0x48 ./Drivers/STM32F0xx_HAL_Driver/Src/stm32f0xx_hal_i2c_ex.o
                0x00000000080037a8                HAL_I2CEx_ConfigDigitalFilter
 .text.HAL_RCC_OscConfig
                0x00000000080037f0      0x3fc ./Drivers/STM32F0xx_HAL_Driver/Src/stm32f0xx_hal_rcc.o
                0x00000000080037f0                HAL_RCC_OscConfig
 .text.HAL_RCC_GetSysClockFreq
                0x0000000008003bec       0x4c ./Drivers/STM32F0xx_HAL_Driver/Src/stm32f0xx_hal_rcc.o
                0x0000000008003bec                HAL_RCC_GetSysClockFreq
 .text.HAL_RCC_ClockConfig
                0x0000000008003c38      0x108 ./Drivers/STM32F0xx_HAL_Driver/Src/stm32f0xx_hal_rcc.o
                0x0000000008003c38                HAL_RCC_ClockConfig
 .text.HAL_RCC_GetPCLK1Freq
                0x0000000008003d40       0x20 ./Drivers/STM32F0xx_HAL_Driver/Src/stm32f0xx_hal_rcc.o
                0x0000000008003d40                HAL_RCC_GetPCLK1Freq
 .text.HAL_RCCEx_PeriphCLKConfig
                0x0000000008003d60      0x10c ./Drivers/STM32F0xx_HAL_Driver/Src/stm32f0xx_hal_rcc_ex.o
                0x0000000008003d60                HAL_RCCEx_PeriphCLKConfig
 .text.HAL_TIM_Base_Start_IT
                0x0000000008003e6c       0x58 ./Drivers/STM32F0xx_HAL_Driver/Src/stm32f0xx_hal_tim.o
                0x0000000008003e6c                HAL_TIM_Base_Start_IT
 .text.HAL_TIM_OC_DelayElapsedCallback
                0x0000000008003ec4        0x2 ./Drivers/STM32F0xx_HAL_Driver/Src/stm32f0xx_hal_tim.o
                0x0000000008003ec4                HAL_TIM_OC_DelayElapsedCallback
 .text.HAL_TIM_IC_CaptureCallback
                0x0000000008003ec6        0x2 ./Drivers/STM32F0xx_HAL_Driver/Src/stm32f0xx_hal_tim.o
                0x0000000008003ec6                HAL_TIM_IC_CaptureCallback
 .text.HAL_TIM_PWM_PulseFinishedCallback
                0x0000000008003ec8        0x2 ./Drivers/STM32F0xx_HAL_Driver/Src/stm32f0xx_hal_tim.o
                0x0000000008003ec8                HAL_TIM_PWM_PulseFinishedCallback
 .text.HAL_TIM_TriggerCallback
                0x0000000008003eca        0x2 ./Drivers/STM32F0xx_HAL_Driver/Src/stm32f0xx_hal_tim.o
                0x0000000008003eca                HAL_TIM_TriggerCallback
 .text.HAL_TIM_IRQHandler
                0x0000000008003ecc      0x148 ./Drivers/STM32F0xx_HAL_Driver/Src/stm32f0xx_hal_tim.o
                0x0000000008003ecc                HAL_TIM_IRQHandler
 .text.TIM_Base_SetConfig
                0x0000000008004014       0x90 ./Drivers/STM32F0xx_HAL_Driver/Src/stm32f0xx_hal_tim.o
                0x0000000008004014                TIM_Base_SetConfig
 .text.HAL_TIM_Base_Init
                0x00000000080040a4       0x50 ./Drivers/STM32F0xx_HAL_Driver/Src/stm32f0xx_hal_tim.o
                0x00000000080040a4                HAL_TIM_Base_Init
 .text.HAL_TIMEx_CommutCallback
                0x00000000080040f4        0x2 ./Drivers/STM32F0xx_HAL_Driver/Src/stm32f0xx_hal_tim_ex.o
                0x00000000080040f4                HAL_TIMEx_CommutCallback
 .text.HAL_TIMEx_BreakCallback
                0x00000000080040f6        0x2 ./Drivers/STM32F0xx_HAL_Driver/Src/stm32f0xx_hal_tim_ex.o
                0x00000000080040f6                HAL_TIMEx_BreakCallback
 .text.UART_EndRxTransfer
                0x00000000080040f8       0x5c ./Drivers/STM32F0xx_HAL_Driver/Src/stm32f0xx_hal_uart.o
 .text.HAL_UART_TxCpltCallback
                0x0000000008004154        0x2 ./Drivers/STM32F0xx_HAL_Driver/Src/stm32f0xx_hal_uart.o
                0x0000000008004154                HAL_UART_TxCpltCallback
 .text.HAL_UART_RxCpltCallback
                0x0000000008004156        0x2 ./Drivers/STM32F0xx_HAL_Driver/Src/stm32f0xx_hal_uart.o
                0x0000000008004156                HAL_UART_RxCpltCallback
 .text.HAL_UART_ErrorCallback
                0x0000000008004158        0x2 ./Drivers/STM32F0xx_HAL_Driver/Src/stm32f0xx_hal_uart.o
                0x0000000008004158                HAL_UART_ErrorCallback
 .text.UART_DMAAbortOnError
                0x000000000800415a       0x16 ./Drivers/STM32F0xx_HAL_Driver/Src/stm32f0xx_hal_uart.o
 .text.HAL_UARTEx_RxEventCallback
                0x0000000008004170        0x2 ./Drivers/STM32F0xx_HAL_Driver/Src/stm32f0xx_hal_uart.o
                0x0000000008004170                HAL_UARTEx_RxEventCallback
 *fill*         0x0000000008004172        0x2 
 .text.HAL_UART_IRQHandler
                0x0000000008004174      0x2bc ./Drivers/STM32F0xx_HAL_Driver/Src/stm32f0xx_hal_uart.o
                0x0000000008004174                HAL_UART_IRQHandler
 .text.UART_RxISR_8BIT
                0x0000000008004430       0xd4 ./Drivers/STM32F0xx_HAL_Driver/Src/stm32f0xx_hal_uart.o
 .text.UART_RxISR_16BIT
                0x0000000008004504       0xd4 ./Drivers/STM32F0xx_HAL_Driver/Src/stm32f0xx_hal_uart.o
 .text.UART_SetConfig
                0x00000000080045d8      0x114 ./Drivers/STM32F0xx_HAL_Driver/Src/stm32f0xx_hal_uart.o
                0x00000000080045d8                UART_SetConfig
 .text.UART_AdvFeatureConfig
                0x00000000080046ec       0xd0 ./Drivers/STM32F0xx_HAL_Driver/Src/stm32f0xx_hal_uart.o
                0x00000000080046ec                UART_AdvFeatureConfig
 .text.UART_WaitOnFlagUntilTimeout
                0x00000000080047bc       0x8a ./Drivers/STM32F0xx_HAL_Driver/Src/stm32f0xx_hal_uart.o
                0x00000000080047bc                UART_WaitOnFlagUntilTimeout
 .text.HAL_UART_Transmit
                0x0000000008004846       0xce ./Drivers/STM32F0xx_HAL_Driver/Src/stm32f0xx_hal_uart.o
                0x0000000008004846                HAL_UART_Transmit
 .text.UART_CheckIdleState
                0x0000000008004914       0xc0 ./Drivers/STM32F0xx_HAL_Driver/Src/stm32f0xx_hal_uart.o
                0x0000000008004914                UART_CheckIdleState
 .text.HAL_UART_Init
                0x00000000080049d4       0x64 ./Drivers/STM32F0xx_HAL_Driver/Src/stm32f0xx_hal_uart.o
                0x00000000080049d4                HAL_UART_Init
 .text.UART_Start_Receive_IT
                0x0000000008004a38       0xb8 ./Drivers/STM32F0xx_HAL_Driver/Src/stm32f0xx_hal_uart.o
                0x0000000008004a38                UART_Start_Receive_IT
 .text.HAL_UART_Receive_IT
                0x0000000008004af0       0x5c ./Drivers/STM32F0xx_HAL_Driver/Src/stm32f0xx_hal_uart.o
                0x0000000008004af0                HAL_UART_Receive_IT
 .text.HAL_UARTEx_WakeupCallback
                0x0000000008004b4c        0x2 ./Drivers/STM32F0xx_HAL_Driver/Src/stm32f0xx_hal_uart_ex.o
                0x0000000008004b4c                HAL_UARTEx_WakeupCallback
 *fill*         0x0000000008004b4e        0x2 
 .text.asin     0x0000000008004b50       0x54 C:/ST/STM32CubeIDE_1.12.1/STM32CubeIDE/plugins/com.st.stm32cube.ide.mcu.externaltools.gnu-tools-for-stm32.11.3.rel1.win32_1.1.0.202305231506/tools/bin/../lib/gcc/arm-none-eabi/11.3.1/../../../../arm-none-eabi/lib/thumb/v6-m/nofp\libm.a(libm_a-w_asin.o)
                0x0000000008004b50                asin
 .text.fmod     0x0000000008004ba4       0x52 C:/ST/STM32CubeIDE_1.12.1/STM32CubeIDE/plugins/com.st.stm32cube.ide.mcu.externaltools.gnu-tools-for-stm32.11.3.rel1.win32_1.1.0.202305231506/tools/bin/../lib/gcc/arm-none-eabi/11.3.1/../../../../arm-none-eabi/lib/thumb/v6-m/nofp\libm.a(libm_a-w_fmod.o)
                0x0000000008004ba4                fmod
 *fill*         0x0000000008004bf6        0x2 
 .text.atan     0x0000000008004bf8      0x300 C:/ST/STM32CubeIDE_1.12.1/STM32CubeIDE/plugins/com.st.stm32cube.ide.mcu.externaltools.gnu-tools-for-stm32.11.3.rel1.win32_1.1.0.202305231506/tools/bin/../lib/gcc/arm-none-eabi/11.3.1/../../../../arm-none-eabi/lib/thumb/v6-m/nofp\libm.a(libm_a-s_atan.o)
                0x0000000008004bf8                atan
 .text.cos      0x0000000008004ef8       0x80 C:/ST/STM32CubeIDE_1.12.1/STM32CubeIDE/plugins/com.st.stm32cube.ide.mcu.externaltools.gnu-tools-for-stm32.11.3.rel1.win32_1.1.0.202305231506/tools/bin/../lib/gcc/arm-none-eabi/11.3.1/../../../../arm-none-eabi/lib/thumb/v6-m/nofp\libm.a(libm_a-s_cos.o)
                0x0000000008004ef8                cos
 .text.fabs     0x0000000008004f78        0x8 C:/ST/STM32CubeIDE_1.12.1/STM32CubeIDE/plugins/com.st.stm32cube.ide.mcu.externaltools.gnu-tools-for-stm32.11.3.rel1.win32_1.1.0.202305231506/tools/bin/../lib/gcc/arm-none-eabi/11.3.1/../../../../arm-none-eabi/lib/thumb/v6-m/nofp\libm.a(libm_a-s_fabs.o)
                0x0000000008004f78                fabs
 .text.sin      0x0000000008004f80       0x88 C:/ST/STM32CubeIDE_1.12.1/STM32CubeIDE/plugins/com.st.stm32cube.ide.mcu.externaltools.gnu-tools-for-stm32.11.3.rel1.win32_1.1.0.202305231506/tools/bin/../lib/gcc/arm-none-eabi/11.3.1/../../../../arm-none-eabi/lib/thumb/v6-m/nofp\libm.a(libm_a-s_sin.o)
                0x0000000008004f80                sin
 .text.nan      0x0000000008005008        0xc C:/ST/STM32CubeIDE_1.12.1/STM32CubeIDE/plugins/com.st.stm32cube.ide.mcu.externaltools.gnu-tools-for-stm32.11.3.rel1.win32_1.1.0.202305231506/tools/bin/../lib/gcc/arm-none-eabi/11.3.1/../../../../arm-none-eabi/lib/thumb/v6-m/nofp\libm.a(libm_a-s_nan.o)
                0x0000000008005008                nan
 .text.__kernel_cos
                0x0000000008005014      0x180 C:/ST/STM32CubeIDE_1.12.1/STM32CubeIDE/plugins/com.st.stm32cube.ide.mcu.externaltools.gnu-tools-for-stm32.11.3.rel1.win32_1.1.0.202305231506/tools/bin/../lib/gcc/arm-none-eabi/11.3.1/../../../../arm-none-eabi/lib/thumb/v6-m/nofp\libm.a(libm_a-k_cos.o)
                0x0000000008005014                __kernel_cos
 .text.__kernel_sin
                0x0000000008005194      0x158 C:/ST/STM32CubeIDE_1.12.1/STM32CubeIDE/plugins/com.st.stm32cube.ide.mcu.externaltools.gnu-tools-for-stm32.11.3.rel1.win32_1.1.0.202305231506/tools/bin/../lib/gcc/arm-none-eabi/11.3.1/../../../../arm-none-eabi/lib/thumb/v6-m/nofp\libm.a(libm_a-k_sin.o)
                0x0000000008005194                __kernel_sin
 .text.__ieee754_asin
                0x00000000080052ec      0x3b0 C:/ST/STM32CubeIDE_1.12.1/STM32CubeIDE/plugins/com.st.stm32cube.ide.mcu.externaltools.gnu-tools-for-stm32.11.3.rel1.win32_1.1.0.202305231506/tools/bin/../lib/gcc/arm-none-eabi/11.3.1/../../../../arm-none-eabi/lib/thumb/v6-m/nofp\libm.a(libm_a-e_asin.o)
                0x00000000080052ec                __ieee754_asin
 .text.__ieee754_fmod
                0x000000000800569c      0x22c C:/ST/STM32CubeIDE_1.12.1/STM32CubeIDE/plugins/com.st.stm32cube.ide.mcu.externaltools.gnu-tools-for-stm32.11.3.rel1.win32_1.1.0.202305231506/tools/bin/../lib/gcc/arm-none-eabi/11.3.1/../../../../arm-none-eabi/lib/thumb/v6-m/nofp\libm.a(libm_a-e_fmod.o)
                0x000000000800569c                __ieee754_fmod
 .text.__ieee754_rem_pio2
                0x00000000080058c8      0x3e0 C:/ST/STM32CubeIDE_1.12.1/STM32CubeIDE/plugins/com.st.stm32cube.ide.mcu.externaltools.gnu-tools-for-stm32.11.3.rel1.win32_1.1.0.202305231506/tools/bin/../lib/gcc/arm-none-eabi/11.3.1/../../../../arm-none-eabi/lib/thumb/v6-m/nofp\libm.a(libm_a-e_rem_pio2.o)
                0x00000000080058c8                __ieee754_rem_pio2
 .text.__ieee754_sqrt
                0x0000000008005ca8      0x1d8 C:/ST/STM32CubeIDE_1.12.1/STM32CubeIDE/plugins/com.st.stm32cube.ide.mcu.externaltools.gnu-tools-for-stm32.11.3.rel1.win32_1.1.0.202305231506/tools/bin/../lib/gcc/arm-none-eabi/11.3.1/../../../../arm-none-eabi/lib/thumb/v6-m/nofp\libm.a(libm_a-e_sqrt.o)
                0x0000000008005ca8                __ieee754_sqrt
 .text.__kernel_rem_pio2
                0x0000000008005e80      0x6d8 C:/ST/STM32CubeIDE_1.12.1/STM32CubeIDE/plugins/com.st.stm32cube.ide.mcu.externaltools.gnu-tools-for-stm32.11.3.rel1.win32_1.1.0.202305231506/tools/bin/../lib/gcc/arm-none-eabi/11.3.1/../../../../arm-none-eabi/lib/thumb/v6-m/nofp\libm.a(libm_a-k_rem_pio2.o)
                0x0000000008005e80                __kernel_rem_pio2
 .text.scalbn   0x0000000008006558       0xd4 C:/ST/STM32CubeIDE_1.12.1/STM32CubeIDE/plugins/com.st.stm32cube.ide.mcu.externaltools.gnu-tools-for-stm32.11.3.rel1.win32_1.1.0.202305231506/tools/bin/../lib/gcc/arm-none-eabi/11.3.1/../../../../arm-none-eabi/lib/thumb/v6-m/nofp\libm.a(libm_a-s_scalbn.o)
                0x0000000008006558                scalbn
 .text.floor    0x000000000800662c      0x118 C:/ST/STM32CubeIDE_1.12.1/STM32CubeIDE/plugins/com.st.stm32cube.ide.mcu.externaltools.gnu-tools-for-stm32.11.3.rel1.win32_1.1.0.202305231506/tools/bin/../lib/gcc/arm-none-eabi/11.3.1/../../../../arm-none-eabi/lib/thumb/v6-m/nofp\libm.a(libm_a-s_floor.o)
                0x000000000800662c                floor
 .text.memset   0x0000000008006744       0x10 C:/ST/STM32CubeIDE_1.12.1/STM32CubeIDE/plugins/com.st.stm32cube.ide.mcu.externaltools.gnu-tools-for-stm32.11.3.rel1.win32_1.1.0.202305231506/tools/bin/../lib/gcc/arm-none-eabi/11.3.1/../../../../arm-none-eabi/lib/thumb/v6-m/nofp\libc_nano.a(libc_a-memset.o)
                0x0000000008006744                memset
 .text.__errno  0x0000000008006754        0xc C:/ST/STM32CubeIDE_1.12.1/STM32CubeIDE/plugins/com.st.stm32cube.ide.mcu.externaltools.gnu-tools-for-stm32.11.3.rel1.win32_1.1.0.202305231506/tools/bin/../lib/gcc/arm-none-eabi/11.3.1/../../../../arm-none-eabi/lib/thumb/v6-m/nofp\libc_nano.a(libc_a-errno.o)
                0x0000000008006754                __errno
 .text.__libc_init_array
                0x0000000008006760       0x48 C:/ST/STM32CubeIDE_1.12.1/STM32CubeIDE/plugins/com.st.stm32cube.ide.mcu.externaltools.gnu-tools-for-stm32.11.3.rel1.win32_1.1.0.202305231506/tools/bin/../lib/gcc/arm-none-eabi/11.3.1/../../../../arm-none-eabi/lib/thumb/v6-m/nofp\libc_nano.a(libc_a-init.o)
                0x0000000008006760                __libc_init_array
 *(.glue_7)
 .glue_7        0x00000000080067a8        0x0 linker stubs
 *(.glue_7t)
 .glue_7t       0x00000000080067a8        0x0 linker stubs
 *(.eh_frame)
 .eh_frame      0x00000000080067a8        0x0 C:/ST/STM32CubeIDE_1.12.1/STM32CubeIDE/plugins/com.st.stm32cube.ide.mcu.externaltools.gnu-tools-for-stm32.11.3.rel1.win32_1.1.0.202305231506/tools/bin/../lib/gcc/arm-none-eabi/11.3.1/thumb/v6-m/nofp/crtbegin.o
 *(.init)
 .init          0x00000000080067a8        0x4 C:/ST/STM32CubeIDE_1.12.1/STM32CubeIDE/plugins/com.st.stm32cube.ide.mcu.externaltools.gnu-tools-for-stm32.11.3.rel1.win32_1.1.0.202305231506/tools/bin/../lib/gcc/arm-none-eabi/11.3.1/thumb/v6-m/nofp/crti.o
                0x00000000080067a8                _init
 .init          0x00000000080067ac        0x8 C:/ST/STM32CubeIDE_1.12.1/STM32CubeIDE/plugins/com.st.stm32cube.ide.mcu.externaltools.gnu-tools-for-stm32.11.3.rel1.win32_1.1.0.202305231506/tools/bin/../lib/gcc/arm-none-eabi/11.3.1/thumb/v6-m/nofp/crtn.o
 *(.fini)
 .fini          0x00000000080067b4        0x4 C:/ST/STM32CubeIDE_1.12.1/STM32CubeIDE/plugins/com.st.stm32cube.ide.mcu.externaltools.gnu-tools-for-stm32.11.3.rel1.win32_1.1.0.202305231506/tools/bin/../lib/gcc/arm-none-eabi/11.3.1/thumb/v6-m/nofp/crti.o
                0x00000000080067b4                _fini
 .fini          0x00000000080067b8        0x8 C:/ST/STM32CubeIDE_1.12.1/STM32CubeIDE/plugins/com.st.stm32cube.ide.mcu.externaltools.gnu-tools-for-stm32.11.3.rel1.win32_1.1.0.202305231506/tools/bin/../lib/gcc/arm-none-eabi/11.3.1/thumb/v6-m/nofp/crtn.o
                0x00000000080067c0                . = ALIGN (0x4)
                0x00000000080067c0                _etext = .

.vfp11_veneer   0x00000000080067c0        0x0
 .vfp11_veneer  0x00000000080067c0        0x0 linker stubs

.v4_bx          0x00000000080067c0        0x0
 .v4_bx         0x00000000080067c0        0x0 linker stubs

.iplt           0x00000000080067c0        0x0
 .iplt          0x00000000080067c0        0x0 C:/ST/STM32CubeIDE_1.12.1/STM32CubeIDE/plugins/com.st.stm32cube.ide.mcu.externaltools.gnu-tools-for-stm32.11.3.rel1.win32_1.1.0.202305231506/tools/bin/../lib/gcc/arm-none-eabi/11.3.1/thumb/v6-m/nofp/crtbegin.o

.rodata         0x00000000080067c0      0x320
                0x00000000080067c0                . = ALIGN (0x4)
 *(.rodata)
 .rodata        0x00000000080067c0       0x40 C:/ST/STM32CubeIDE_1.12.1/STM32CubeIDE/plugins/com.st.stm32cube.ide.mcu.externaltools.gnu-tools-for-stm32.11.3.rel1.win32_1.1.0.202305231506/tools/bin/../lib/gcc/arm-none-eabi/11.3.1/thumb/v6-m/nofp\libgcc.a(divdf3.o)
 *(.rodata*)
 .rodata.itoa.part.0.str1.1
                0x0000000008006800       0x48 ./Core/Src/main.o
 .rodata.HAL_TIM_PeriodElapsedCallback.str1.1
                0x0000000008006848        0x8 ./Core/Src/main.o
 .rodata.USART1_IRQHandler.str1.1
                0x0000000008006850       0x2a ./Core/Src/main.o
                                         0x2d (size before relaxing)
 .rodata.AHBPrescTable
                0x000000000800687a       0x10 ./Core/Src/system_stm32f0xx.o
                0x000000000800687a                AHBPrescTable
 .rodata.APBPrescTable
                0x000000000800688a        0x8 ./Core/Src/system_stm32f0xx.o
                0x000000000800688a                APBPrescTable
 .rodata.aPLLMULFactorTable.1
                0x0000000008006892       0x10 ./Drivers/STM32F0xx_HAL_Driver/Src/stm32f0xx_hal_rcc.o
 .rodata.aPredivFactorTable.0
                0x00000000080068a2       0x10 ./Drivers/STM32F0xx_HAL_Driver/Src/stm32f0xx_hal_rcc.o
 .rodata.CSWTCH.59
                0x00000000080068b2        0x3 ./Drivers/STM32F0xx_HAL_Driver/Src/stm32f0xx_hal_uart.o
 .rodata.asin.str1.1
                0x00000000080068b5       0x2a C:/ST/STM32CubeIDE_1.12.1/STM32CubeIDE/plugins/com.st.stm32cube.ide.mcu.externaltools.gnu-tools-for-stm32.11.3.rel1.win32_1.1.0.202305231506/tools/bin/../lib/gcc/arm-none-eabi/11.3.1/../../../../arm-none-eabi/lib/thumb/v6-m/nofp\libm.a(libm_a-w_asin.o)
                                          0x1 (size before relaxing)
 *fill*         0x00000000080068b5        0x3 
 .rodata.atanhi
                0x00000000080068b8       0x20 C:/ST/STM32CubeIDE_1.12.1/STM32CubeIDE/plugins/com.st.stm32cube.ide.mcu.externaltools.gnu-tools-for-stm32.11.3.rel1.win32_1.1.0.202305231506/tools/bin/../lib/gcc/arm-none-eabi/11.3.1/../../../../arm-none-eabi/lib/thumb/v6-m/nofp\libm.a(libm_a-s_atan.o)
 .rodata.atanlo
                0x00000000080068d8       0x20 C:/ST/STM32CubeIDE_1.12.1/STM32CubeIDE/plugins/com.st.stm32cube.ide.mcu.externaltools.gnu-tools-for-stm32.11.3.rel1.win32_1.1.0.202305231506/tools/bin/../lib/gcc/arm-none-eabi/11.3.1/../../../../arm-none-eabi/lib/thumb/v6-m/nofp\libm.a(libm_a-s_atan.o)
 .rodata.Zero   0x00000000080068f8       0x10 C:/ST/STM32CubeIDE_1.12.1/STM32CubeIDE/plugins/com.st.stm32cube.ide.mcu.externaltools.gnu-tools-for-stm32.11.3.rel1.win32_1.1.0.202305231506/tools/bin/../lib/gcc/arm-none-eabi/11.3.1/../../../../arm-none-eabi/lib/thumb/v6-m/nofp\libm.a(libm_a-e_fmod.o)
 .rodata.npio2_hw
                0x0000000008006908       0x80 C:/ST/STM32CubeIDE_1.12.1/STM32CubeIDE/plugins/com.st.stm32cube.ide.mcu.externaltools.gnu-tools-for-stm32.11.3.rel1.win32_1.1.0.202305231506/tools/bin/../lib/gcc/arm-none-eabi/11.3.1/../../../../arm-none-eabi/lib/thumb/v6-m/nofp\libm.a(libm_a-e_rem_pio2.o)
 .rodata.two_over_pi
                0x0000000008006988      0x108 C:/ST/STM32CubeIDE_1.12.1/STM32CubeIDE/plugins/com.st.stm32cube.ide.mcu.externaltools.gnu-tools-for-stm32.11.3.rel1.win32_1.1.0.202305231506/tools/bin/../lib/gcc/arm-none-eabi/11.3.1/../../../../arm-none-eabi/lib/thumb/v6-m/nofp\libm.a(libm_a-e_rem_pio2.o)
 .rodata.PIo2   0x0000000008006a90       0x40 C:/ST/STM32CubeIDE_1.12.1/STM32CubeIDE/plugins/com.st.stm32cube.ide.mcu.externaltools.gnu-tools-for-stm32.11.3.rel1.win32_1.1.0.202305231506/tools/bin/../lib/gcc/arm-none-eabi/11.3.1/../../../../arm-none-eabi/lib/thumb/v6-m/nofp\libm.a(libm_a-k_rem_pio2.o)
 .rodata.init_jk
                0x0000000008006ad0       0x10 C:/ST/STM32CubeIDE_1.12.1/STM32CubeIDE/plugins/com.st.stm32cube.ide.mcu.externaltools.gnu-tools-for-stm32.11.3.rel1.win32_1.1.0.202305231506/tools/bin/../lib/gcc/arm-none-eabi/11.3.1/../../../../arm-none-eabi/lib/thumb/v6-m/nofp\libm.a(libm_a-k_rem_pio2.o)
                0x0000000008006ae0                . = ALIGN (0x4)

.rel.dyn        0x0000000008006ae0        0x0
 .rel.iplt      0x0000000008006ae0        0x0 C:/ST/STM32CubeIDE_1.12.1/STM32CubeIDE/plugins/com.st.stm32cube.ide.mcu.externaltools.gnu-tools-for-stm32.11.3.rel1.win32_1.1.0.202305231506/tools/bin/../lib/gcc/arm-none-eabi/11.3.1/thumb/v6-m/nofp/crtbegin.o

.ARM.extab      0x0000000008006ae0        0x0
                0x0000000008006ae0                . = ALIGN (0x4)
 *(.ARM.extab* .gnu.linkonce.armextab.*)
                0x0000000008006ae0                . = ALIGN (0x4)

.ARM            0x0000000008006ae0        0x0
                0x0000000008006ae0                . = ALIGN (0x4)
                0x0000000008006ae0                __exidx_start = .
 *(.ARM.exidx*)
                0x0000000008006ae0                __exidx_end = .
                0x0000000008006ae0                . = ALIGN (0x4)

.preinit_array  0x0000000008006ae0        0x0
                0x0000000008006ae0                . = ALIGN (0x4)
                0x0000000008006ae0                PROVIDE (__preinit_array_start = .)
 *(.preinit_array*)
                0x0000000008006ae0                PROVIDE (__preinit_array_end = .)
                0x0000000008006ae0                . = ALIGN (0x4)

.init_array     0x0000000008006ae0        0x4
                0x0000000008006ae0                . = ALIGN (0x4)
                0x0000000008006ae0                PROVIDE (__init_array_start = .)
 *(SORT_BY_NAME(.init_array.*))
 *(.init_array*)
 .init_array    0x0000000008006ae0        0x4 C:/ST/STM32CubeIDE_1.12.1/STM32CubeIDE/plugins/com.st.stm32cube.ide.mcu.externaltools.gnu-tools-for-stm32.11.3.rel1.win32_1.1.0.202305231506/tools/bin/../lib/gcc/arm-none-eabi/11.3.1/thumb/v6-m/nofp/crtbegin.o
                0x0000000008006ae4                PROVIDE (__init_array_end = .)
                0x0000000008006ae4                . = ALIGN (0x4)

.fini_array     0x0000000008006ae4        0x4
                0x0000000008006ae4                . = ALIGN (0x4)
                [!provide]                        PROVIDE (__fini_array_start = .)
 *(SORT_BY_NAME(.fini_array.*))
 *(.fini_array*)
 .fini_array    0x0000000008006ae4        0x4 C:/ST/STM32CubeIDE_1.12.1/STM32CubeIDE/plugins/com.st.stm32cube.ide.mcu.externaltools.gnu-tools-for-stm32.11.3.rel1.win32_1.1.0.202305231506/tools/bin/../lib/gcc/arm-none-eabi/11.3.1/thumb/v6-m/nofp/crtbegin.o
                [!provide]                        PROVIDE (__fini_array_end = .)
                0x0000000008006ae8                . = ALIGN (0x4)
                0x0000000008006ae8                _sidata = LOADADDR (.data)

.data           0x0000000020000000       0x70 load address 0x0000000008006ae8
                0x0000000020000000                . = ALIGN (0x4)
                0x0000000020000000                _sdata = .
 *(.data)
 *(.data*)
 .data.SystemCoreClock
                0x0000000020000000        0x4 ./Core/Src/system_stm32f0xx.o
                0x0000000020000000                SystemCoreClock
 .data.uwTickFreq
                0x0000000020000004        0x1 ./Drivers/STM32F0xx_HAL_Driver/Src/stm32f0xx_hal.o
                0x0000000020000004                uwTickFreq
 *fill*         0x0000000020000005        0x3 
 .data.uwTickPrio
                0x0000000020000008        0x4 ./Drivers/STM32F0xx_HAL_Driver/Src/stm32f0xx_hal.o
                0x0000000020000008                uwTickPrio
 *fill*         0x000000002000000c        0x4 
 .data.one      0x0000000020000010        0x8 C:/ST/STM32CubeIDE_1.12.1/STM32CubeIDE/plugins/com.st.stm32cube.ide.mcu.externaltools.gnu-tools-for-stm32.11.3.rel1.win32_1.1.0.202305231506/tools/bin/../lib/gcc/arm-none-eabi/11.3.1/../../../../arm-none-eabi/lib/thumb/v6-m/nofp\libm.a(libm_a-e_sqrt.o)
 .data.tiny     0x0000000020000018        0x8 C:/ST/STM32CubeIDE_1.12.1/STM32CubeIDE/plugins/com.st.stm32cube.ide.mcu.externaltools.gnu-tools-for-stm32.11.3.rel1.win32_1.1.0.202305231506/tools/bin/../lib/gcc/arm-none-eabi/11.3.1/../../../../arm-none-eabi/lib/thumb/v6-m/nofp\libm.a(libm_a-e_sqrt.o)
 .data._impure_data
                0x0000000020000020       0x4c C:/ST/STM32CubeIDE_1.12.1/STM32CubeIDE/plugins/com.st.stm32cube.ide.mcu.externaltools.gnu-tools-for-stm32.11.3.rel1.win32_1.1.0.202305231506/tools/bin/../lib/gcc/arm-none-eabi/11.3.1/../../../../arm-none-eabi/lib/thumb/v6-m/nofp\libc_nano.a(libc_a-impure.o)
                0x0000000020000020                _impure_data
 .data._impure_ptr
                0x000000002000006c        0x4 C:/ST/STM32CubeIDE_1.12.1/STM32CubeIDE/plugins/com.st.stm32cube.ide.mcu.externaltools.gnu-tools-for-stm32.11.3.rel1.win32_1.1.0.202305231506/tools/bin/../lib/gcc/arm-none-eabi/11.3.1/../../../../arm-none-eabi/lib/thumb/v6-m/nofp\libc_nano.a(libc_a-impure.o)
                0x000000002000006c                _impure_ptr
 *(.RamFunc)
 *(.RamFunc*)
                0x0000000020000070                . = ALIGN (0x4)
                0x0000000020000070                _edata = .

.igot.plt       0x0000000020000070        0x0 load address 0x0000000008006b58
 .igot.plt      0x0000000020000070        0x0 C:/ST/STM32CubeIDE_1.12.1/STM32CubeIDE/plugins/com.st.stm32cube.ide.mcu.externaltools.gnu-tools-for-stm32.11.3.rel1.win32_1.1.0.202305231506/tools/bin/../lib/gcc/arm-none-eabi/11.3.1/thumb/v6-m/nofp/crtbegin.o
                0x0000000020000070                . = ALIGN (0x4)

.bss            0x0000000020000070      0x2d8 load address 0x0000000008006b58
                0x0000000020000070                _sbss = .
                0x0000000020000070                __bss_start__ = _sbss
 *(.bss)
 .bss           0x0000000020000070       0x1c C:/ST/STM32CubeIDE_1.12.1/STM32CubeIDE/plugins/com.st.stm32cube.ide.mcu.externaltools.gnu-tools-for-stm32.11.3.rel1.win32_1.1.0.202305231506/tools/bin/../lib/gcc/arm-none-eabi/11.3.1/thumb/v6-m/nofp/crtbegin.o
 *(.bss*)
 .bss.ds3231_data
                0x000000002000008c        0xc ./Core/Src/main.o
                0x000000002000008c                ds3231_data
 .bss.hi2c1     0x0000000020000098       0x54 ./Core/Src/main.o
                0x0000000020000098                hi2c1
 .bss.htim16    0x00000000200000ec       0x48 ./Core/Src/main.o
                0x00000000200000ec                htim16
 .bss.htim17    0x0000000020000134       0x48 ./Core/Src/main.o
                0x0000000020000134                htim17
 .bss.huart1    0x000000002000017c       0x88 ./Core/Src/main.o
                0x000000002000017c                huart1
 .bss.recvd_data
                0x0000000020000204        0x1 ./Core/Src/main.o
                0x0000000020000204                recvd_data
 *fill*         0x0000000020000205        0x3 
 .bss.sun_angle
                0x0000000020000208        0x4 ./Core/Src/main.o
                0x0000000020000208                sun_angle
 .bss.uwTick    0x000000002000020c        0x4 ./Drivers/STM32F0xx_HAL_Driver/Src/stm32f0xx_hal.o
                0x000000002000020c                uwTick
 .bss.__sf      0x0000000020000210      0x138 C:/ST/STM32CubeIDE_1.12.1/STM32CubeIDE/plugins/com.st.stm32cube.ide.mcu.externaltools.gnu-tools-for-stm32.11.3.rel1.win32_1.1.0.202305231506/tools/bin/../lib/gcc/arm-none-eabi/11.3.1/../../../../arm-none-eabi/lib/thumb/v6-m/nofp\libc_nano.a(libc_a-findfp.o)
                0x0000000020000210                __sf
 *(COMMON)
                0x0000000020000348                . = ALIGN (0x4)
                0x0000000020000348                _ebss = .
                0x0000000020000348                __bss_end__ = _ebss

._user_heap_stack
                0x0000000020000348      0x600 load address 0x0000000008006b58
                0x0000000020000348                . = ALIGN (0x8)
                [!provide]                        PROVIDE (end = .)
                0x0000000020000348                PROVIDE (_end = .)
                0x0000000020000548                . = (. + _Min_Heap_Size)
 *fill*         0x0000000020000348      0x200 
                0x0000000020000948                . = (. + _Min_Stack_Size)
 *fill*         0x0000000020000548      0x400 
                0x0000000020000948                . = ALIGN (0x8)

/DISCARD/
 libc.a(*)
 libm.a(*)
 libgcc.a(*)

.ARM.attributes
                0x0000000000000000       0x28
 *(.ARM.attributes)
 .ARM.attributes
                0x0000000000000000       0x1e C:/ST/STM32CubeIDE_1.12.1/STM32CubeIDE/plugins/com.st.stm32cube.ide.mcu.externaltools.gnu-tools-for-stm32.11.3.rel1.win32_1.1.0.202305231506/tools/bin/../lib/gcc/arm-none-eabi/11.3.1/thumb/v6-m/nofp/crti.o
 .ARM.attributes
                0x000000000000001e       0x2c C:/ST/STM32CubeIDE_1.12.1/STM32CubeIDE/plugins/com.st.stm32cube.ide.mcu.externaltools.gnu-tools-for-stm32.11.3.rel1.win32_1.1.0.202305231506/tools/bin/../lib/gcc/arm-none-eabi/11.3.1/thumb/v6-m/nofp/crtbegin.o
 .ARM.attributes
                0x000000000000004a       0x2c ./Core/Src/main.o
 .ARM.attributes
                0x0000000000000076       0x2c ./Core/Src/stm32f0xx_hal_msp.o
 .ARM.attributes
                0x00000000000000a2       0x2c ./Core/Src/stm32f0xx_it.o
 .ARM.attributes
                0x00000000000000ce       0x2c ./Core/Src/system_stm32f0xx.o
 .ARM.attributes
                0x00000000000000fa       0x21 ./Core/Startup/startup_stm32f031k6tx.o
 .ARM.attributes
                0x000000000000011b       0x2c ./Drivers/STM32F0xx_HAL_Driver/Src/stm32f0xx_hal.o
 .ARM.attributes
                0x0000000000000147       0x2c ./Drivers/STM32F0xx_HAL_Driver/Src/stm32f0xx_hal_cortex.o
 .ARM.attributes
                0x0000000000000173       0x2c ./Drivers/STM32F0xx_HAL_Driver/Src/stm32f0xx_hal_dma.o
 .ARM.attributes
                0x000000000000019f       0x2c ./Drivers/STM32F0xx_HAL_Driver/Src/stm32f0xx_hal_gpio.o
 .ARM.attributes
                0x00000000000001cb       0x2c ./Drivers/STM32F0xx_HAL_Driver/Src/stm32f0xx_hal_i2c.o
 .ARM.attributes
                0x00000000000001f7       0x2c ./Drivers/STM32F0xx_HAL_Driver/Src/stm32f0xx_hal_i2c_ex.o
 .ARM.attributes
                0x0000000000000223       0x2c ./Drivers/STM32F0xx_HAL_Driver/Src/stm32f0xx_hal_rcc.o
 .ARM.attributes
                0x000000000000024f       0x2c ./Drivers/STM32F0xx_HAL_Driver/Src/stm32f0xx_hal_rcc_ex.o
 .ARM.attributes
                0x000000000000027b       0x2c ./Drivers/STM32F0xx_HAL_Driver/Src/stm32f0xx_hal_tim.o
 .ARM.attributes
                0x00000000000002a7       0x2c ./Drivers/STM32F0xx_HAL_Driver/Src/stm32f0xx_hal_tim_ex.o
 .ARM.attributes
                0x00000000000002d3       0x2c ./Drivers/STM32F0xx_HAL_Driver/Src/stm32f0xx_hal_uart.o
 .ARM.attributes
                0x00000000000002ff       0x2c ./Drivers/STM32F0xx_HAL_Driver/Src/stm32f0xx_hal_uart_ex.o
 .ARM.attributes
                0x000000000000032b       0x2c C:/ST/STM32CubeIDE_1.12.1/STM32CubeIDE/plugins/com.st.stm32cube.ide.mcu.externaltools.gnu-tools-for-stm32.11.3.rel1.win32_1.1.0.202305231506/tools/bin/../lib/gcc/arm-none-eabi/11.3.1/../../../../arm-none-eabi/lib/thumb/v6-m/nofp\libm.a(libm_a-w_asin.o)
 .ARM.attributes
                0x0000000000000357       0x2c C:/ST/STM32CubeIDE_1.12.1/STM32CubeIDE/plugins/com.st.stm32cube.ide.mcu.externaltools.gnu-tools-for-stm32.11.3.rel1.win32_1.1.0.202305231506/tools/bin/../lib/gcc/arm-none-eabi/11.3.1/../../../../arm-none-eabi/lib/thumb/v6-m/nofp\libm.a(libm_a-w_fmod.o)
 .ARM.attributes
                0x0000000000000383       0x2c C:/ST/STM32CubeIDE_1.12.1/STM32CubeIDE/plugins/com.st.stm32cube.ide.mcu.externaltools.gnu-tools-for-stm32.11.3.rel1.win32_1.1.0.202305231506/tools/bin/../lib/gcc/arm-none-eabi/11.3.1/../../../../arm-none-eabi/lib/thumb/v6-m/nofp\libm.a(libm_a-s_atan.o)
 .ARM.attributes
                0x00000000000003af       0x2c C:/ST/STM32CubeIDE_1.12.1/STM32CubeIDE/plugins/com.st.stm32cube.ide.mcu.externaltools.gnu-tools-for-stm32.11.3.rel1.win32_1.1.0.202305231506/tools/bin/../lib/gcc/arm-none-eabi/11.3.1/../../../../arm-none-eabi/lib/thumb/v6-m/nofp\libm.a(libm_a-s_cos.o)
 .ARM.attributes
                0x00000000000003db       0x2c C:/ST/STM32CubeIDE_1.12.1/STM32CubeIDE/plugins/com.st.stm32cube.ide.mcu.externaltools.gnu-tools-for-stm32.11.3.rel1.win32_1.1.0.202305231506/tools/bin/../lib/gcc/arm-none-eabi/11.3.1/../../../../arm-none-eabi/lib/thumb/v6-m/nofp\libm.a(libm_a-s_fabs.o)
 .ARM.attributes
                0x0000000000000407       0x2c C:/ST/STM32CubeIDE_1.12.1/STM32CubeIDE/plugins/com.st.stm32cube.ide.mcu.externaltools.gnu-tools-for-stm32.11.3.rel1.win32_1.1.0.202305231506/tools/bin/../lib/gcc/arm-none-eabi/11.3.1/../../../../arm-none-eabi/lib/thumb/v6-m/nofp\libm.a(libm_a-s_sin.o)
 .ARM.attributes
                0x0000000000000433       0x2c C:/ST/STM32CubeIDE_1.12.1/STM32CubeIDE/plugins/com.st.stm32cube.ide.mcu.externaltools.gnu-tools-for-stm32.11.3.rel1.win32_1.1.0.202305231506/tools/bin/../lib/gcc/arm-none-eabi/11.3.1/../../../../arm-none-eabi/lib/thumb/v6-m/nofp\libm.a(libm_a-s_nan.o)
 .ARM.attributes
                0x000000000000045f       0x2c C:/ST/STM32CubeIDE_1.12.1/STM32CubeIDE/plugins/com.st.stm32cube.ide.mcu.externaltools.gnu-tools-for-stm32.11.3.rel1.win32_1.1.0.202305231506/tools/bin/../lib/gcc/arm-none-eabi/11.3.1/../../../../arm-none-eabi/lib/thumb/v6-m/nofp\libm.a(libm_a-k_cos.o)
 .ARM.attributes
                0x000000000000048b       0x2c C:/ST/STM32CubeIDE_1.12.1/STM32CubeIDE/plugins/com.st.stm32cube.ide.mcu.externaltools.gnu-tools-for-stm32.11.3.rel1.win32_1.1.0.202305231506/tools/bin/../lib/gcc/arm-none-eabi/11.3.1/../../../../arm-none-eabi/lib/thumb/v6-m/nofp\libm.a(libm_a-k_sin.o)
 .ARM.attributes
                0x00000000000004b7       0x2c C:/ST/STM32CubeIDE_1.12.1/STM32CubeIDE/plugins/com.st.stm32cube.ide.mcu.externaltools.gnu-tools-for-stm32.11.3.rel1.win32_1.1.0.202305231506/tools/bin/../lib/gcc/arm-none-eabi/11.3.1/../../../../arm-none-eabi/lib/thumb/v6-m/nofp\libm.a(libm_a-e_asin.o)
 .ARM.attributes
                0x00000000000004e3       0x2c C:/ST/STM32CubeIDE_1.12.1/STM32CubeIDE/plugins/com.st.stm32cube.ide.mcu.externaltools.gnu-tools-for-stm32.11.3.rel1.win32_1.1.0.202305231506/tools/bin/../lib/gcc/arm-none-eabi/11.3.1/../../../../arm-none-eabi/lib/thumb/v6-m/nofp\libm.a(libm_a-e_fmod.o)
 .ARM.attributes
                0x000000000000050f       0x2c C:/ST/STM32CubeIDE_1.12.1/STM32CubeIDE/plugins/com.st.stm32cube.ide.mcu.externaltools.gnu-tools-for-stm32.11.3.rel1.win32_1.1.0.202305231506/tools/bin/../lib/gcc/arm-none-eabi/11.3.1/../../../../arm-none-eabi/lib/thumb/v6-m/nofp\libm.a(libm_a-e_rem_pio2.o)
 .ARM.attributes
                0x000000000000053b       0x2c C:/ST/STM32CubeIDE_1.12.1/STM32CubeIDE/plugins/com.st.stm32cube.ide.mcu.externaltools.gnu-tools-for-stm32.11.3.rel1.win32_1.1.0.202305231506/tools/bin/../lib/gcc/arm-none-eabi/11.3.1/../../../../arm-none-eabi/lib/thumb/v6-m/nofp\libm.a(libm_a-e_sqrt.o)
 .ARM.attributes
                0x0000000000000567       0x2c C:/ST/STM32CubeIDE_1.12.1/STM32CubeIDE/plugins/com.st.stm32cube.ide.mcu.externaltools.gnu-tools-for-stm32.11.3.rel1.win32_1.1.0.202305231506/tools/bin/../lib/gcc/arm-none-eabi/11.3.1/../../../../arm-none-eabi/lib/thumb/v6-m/nofp\libm.a(libm_a-k_rem_pio2.o)
 .ARM.attributes
                0x0000000000000593       0x2c C:/ST/STM32CubeIDE_1.12.1/STM32CubeIDE/plugins/com.st.stm32cube.ide.mcu.externaltools.gnu-tools-for-stm32.11.3.rel1.win32_1.1.0.202305231506/tools/bin/../lib/gcc/arm-none-eabi/11.3.1/../../../../arm-none-eabi/lib/thumb/v6-m/nofp\libm.a(libm_a-s_scalbn.o)
 .ARM.attributes
                0x00000000000005bf       0x2c C:/ST/STM32CubeIDE_1.12.1/STM32CubeIDE/plugins/com.st.stm32cube.ide.mcu.externaltools.gnu-tools-for-stm32.11.3.rel1.win32_1.1.0.202305231506/tools/bin/../lib/gcc/arm-none-eabi/11.3.1/../../../../arm-none-eabi/lib/thumb/v6-m/nofp\libm.a(libm_a-s_floor.o)
 .ARM.attributes
                0x00000000000005eb       0x2c C:/ST/STM32CubeIDE_1.12.1/STM32CubeIDE/plugins/com.st.stm32cube.ide.mcu.externaltools.gnu-tools-for-stm32.11.3.rel1.win32_1.1.0.202305231506/tools/bin/../lib/gcc/arm-none-eabi/11.3.1/../../../../arm-none-eabi/lib/thumb/v6-m/nofp\libc_nano.a(libc_a-findfp.o)
 .ARM.attributes
                0x0000000000000617       0x2c C:/ST/STM32CubeIDE_1.12.1/STM32CubeIDE/plugins/com.st.stm32cube.ide.mcu.externaltools.gnu-tools-for-stm32.11.3.rel1.win32_1.1.0.202305231506/tools/bin/../lib/gcc/arm-none-eabi/11.3.1/../../../../arm-none-eabi/lib/thumb/v6-m/nofp\libc_nano.a(libc_a-memset.o)
 .ARM.attributes
                0x0000000000000643       0x2c C:/ST/STM32CubeIDE_1.12.1/STM32CubeIDE/plugins/com.st.stm32cube.ide.mcu.externaltools.gnu-tools-for-stm32.11.3.rel1.win32_1.1.0.202305231506/tools/bin/../lib/gcc/arm-none-eabi/11.3.1/../../../../arm-none-eabi/lib/thumb/v6-m/nofp\libc_nano.a(libc_a-impure.o)
 .ARM.attributes
                0x000000000000066f       0x2c C:/ST/STM32CubeIDE_1.12.1/STM32CubeIDE/plugins/com.st.stm32cube.ide.mcu.externaltools.gnu-tools-for-stm32.11.3.rel1.win32_1.1.0.202305231506/tools/bin/../lib/gcc/arm-none-eabi/11.3.1/../../../../arm-none-eabi/lib/thumb/v6-m/nofp\libc_nano.a(libc_a-errno.o)
 .ARM.attributes
                0x000000000000069b       0x2c C:/ST/STM32CubeIDE_1.12.1/STM32CubeIDE/plugins/com.st.stm32cube.ide.mcu.externaltools.gnu-tools-for-stm32.11.3.rel1.win32_1.1.0.202305231506/tools/bin/../lib/gcc/arm-none-eabi/11.3.1/../../../../arm-none-eabi/lib/thumb/v6-m/nofp\libc_nano.a(libc_a-init.o)
 .ARM.attributes
                0x00000000000006c7       0x1e C:/ST/STM32CubeIDE_1.12.1/STM32CubeIDE/plugins/com.st.stm32cube.ide.mcu.externaltools.gnu-tools-for-stm32.11.3.rel1.win32_1.1.0.202305231506/tools/bin/../lib/gcc/arm-none-eabi/11.3.1/thumb/v6-m/nofp\libgcc.a(_thumb1_case_sqi.o)
 .ARM.attributes
                0x00000000000006e5       0x1e C:/ST/STM32CubeIDE_1.12.1/STM32CubeIDE/plugins/com.st.stm32cube.ide.mcu.externaltools.gnu-tools-for-stm32.11.3.rel1.win32_1.1.0.202305231506/tools/bin/../lib/gcc/arm-none-eabi/11.3.1/thumb/v6-m/nofp\libgcc.a(_thumb1_case_uqi.o)
 .ARM.attributes
                0x0000000000000703       0x1e C:/ST/STM32CubeIDE_1.12.1/STM32CubeIDE/plugins/com.st.stm32cube.ide.mcu.externaltools.gnu-tools-for-stm32.11.3.rel1.win32_1.1.0.202305231506/tools/bin/../lib/gcc/arm-none-eabi/11.3.1/thumb/v6-m/nofp\libgcc.a(_thumb1_case_uhi.o)
 .ARM.attributes
                0x0000000000000721       0x1e C:/ST/STM32CubeIDE_1.12.1/STM32CubeIDE/plugins/com.st.stm32cube.ide.mcu.externaltools.gnu-tools-for-stm32.11.3.rel1.win32_1.1.0.202305231506/tools/bin/../lib/gcc/arm-none-eabi/11.3.1/thumb/v6-m/nofp\libgcc.a(_udivsi3.o)
 .ARM.attributes
                0x000000000000073f       0x1e C:/ST/STM32CubeIDE_1.12.1/STM32CubeIDE/plugins/com.st.stm32cube.ide.mcu.externaltools.gnu-tools-for-stm32.11.3.rel1.win32_1.1.0.202305231506/tools/bin/../lib/gcc/arm-none-eabi/11.3.1/thumb/v6-m/nofp\libgcc.a(_divsi3.o)
 .ARM.attributes
                0x000000000000075d       0x1e C:/ST/STM32CubeIDE_1.12.1/STM32CubeIDE/plugins/com.st.stm32cube.ide.mcu.externaltools.gnu-tools-for-stm32.11.3.rel1.win32_1.1.0.202305231506/tools/bin/../lib/gcc/arm-none-eabi/11.3.1/thumb/v6-m/nofp\libgcc.a(_dvmd_tls.o)
 .ARM.attributes
                0x000000000000077b       0x1e C:/ST/STM32CubeIDE_1.12.1/STM32CubeIDE/plugins/com.st.stm32cube.ide.mcu.externaltools.gnu-tools-for-stm32.11.3.rel1.win32_1.1.0.202305231506/tools/bin/../lib/gcc/arm-none-eabi/11.3.1/thumb/v6-m/nofp\libgcc.a(_arm_cmpdf2.o)
 .ARM.attributes
                0x0000000000000799       0x2c C:/ST/STM32CubeIDE_1.12.1/STM32CubeIDE/plugins/com.st.stm32cube.ide.mcu.externaltools.gnu-tools-for-stm32.11.3.rel1.win32_1.1.0.202305231506/tools/bin/../lib/gcc/arm-none-eabi/11.3.1/thumb/v6-m/nofp\libgcc.a(adddf3.o)
 .ARM.attributes
                0x00000000000007c5       0x2c C:/ST/STM32CubeIDE_1.12.1/STM32CubeIDE/plugins/com.st.stm32cube.ide.mcu.externaltools.gnu-tools-for-stm32.11.3.rel1.win32_1.1.0.202305231506/tools/bin/../lib/gcc/arm-none-eabi/11.3.1/thumb/v6-m/nofp\libgcc.a(divdf3.o)
 .ARM.attributes
                0x00000000000007f1       0x2c C:/ST/STM32CubeIDE_1.12.1/STM32CubeIDE/plugins/com.st.stm32cube.ide.mcu.externaltools.gnu-tools-for-stm32.11.3.rel1.win32_1.1.0.202305231506/tools/bin/../lib/gcc/arm-none-eabi/11.3.1/thumb/v6-m/nofp\libgcc.a(eqdf2.o)
 .ARM.attributes
                0x000000000000081d       0x2c C:/ST/STM32CubeIDE_1.12.1/STM32CubeIDE/plugins/com.st.stm32cube.ide.mcu.externaltools.gnu-tools-for-stm32.11.3.rel1.win32_1.1.0.202305231506/tools/bin/../lib/gcc/arm-none-eabi/11.3.1/thumb/v6-m/nofp\libgcc.a(gedf2.o)
 .ARM.attributes
                0x0000000000000849       0x2c C:/ST/STM32CubeIDE_1.12.1/STM32CubeIDE/plugins/com.st.stm32cube.ide.mcu.externaltools.gnu-tools-for-stm32.11.3.rel1.win32_1.1.0.202305231506/tools/bin/../lib/gcc/arm-none-eabi/11.3.1/thumb/v6-m/nofp\libgcc.a(ledf2.o)
 .ARM.attributes
                0x0000000000000875       0x2c C:/ST/STM32CubeIDE_1.12.1/STM32CubeIDE/plugins/com.st.stm32cube.ide.mcu.externaltools.gnu-tools-for-stm32.11.3.rel1.win32_1.1.0.202305231506/tools/bin/../lib/gcc/arm-none-eabi/11.3.1/thumb/v6-m/nofp\libgcc.a(muldf3.o)
 .ARM.attributes
                0x00000000000008a1       0x2c C:/ST/STM32CubeIDE_1.12.1/STM32CubeIDE/plugins/com.st.stm32cube.ide.mcu.externaltools.gnu-tools-for-stm32.11.3.rel1.win32_1.1.0.202305231506/tools/bin/../lib/gcc/arm-none-eabi/11.3.1/thumb/v6-m/nofp\libgcc.a(subdf3.o)
 .ARM.attributes
                0x00000000000008cd       0x2c C:/ST/STM32CubeIDE_1.12.1/STM32CubeIDE/plugins/com.st.stm32cube.ide.mcu.externaltools.gnu-tools-for-stm32.11.3.rel1.win32_1.1.0.202305231506/tools/bin/../lib/gcc/arm-none-eabi/11.3.1/thumb/v6-m/nofp\libgcc.a(unorddf2.o)
 .ARM.attributes
                0x00000000000008f9       0x2c C:/ST/STM32CubeIDE_1.12.1/STM32CubeIDE/plugins/com.st.stm32cube.ide.mcu.externaltools.gnu-tools-for-stm32.11.3.rel1.win32_1.1.0.202305231506/tools/bin/../lib/gcc/arm-none-eabi/11.3.1/thumb/v6-m/nofp\libgcc.a(fixdfsi.o)
 .ARM.attributes
                0x0000000000000925       0x2c C:/ST/STM32CubeIDE_1.12.1/STM32CubeIDE/plugins/com.st.stm32cube.ide.mcu.externaltools.gnu-tools-for-stm32.11.3.rel1.win32_1.1.0.202305231506/tools/bin/../lib/gcc/arm-none-eabi/11.3.1/thumb/v6-m/nofp\libgcc.a(floatsidf.o)
 .ARM.attributes
                0x0000000000000951       0x1e C:/ST/STM32CubeIDE_1.12.1/STM32CubeIDE/plugins/com.st.stm32cube.ide.mcu.externaltools.gnu-tools-for-stm32.11.3.rel1.win32_1.1.0.202305231506/tools/bin/../lib/gcc/arm-none-eabi/11.3.1/thumb/v6-m/nofp\libgcc.a(_clzsi2.o)
 .ARM.attributes
                0x000000000000096f       0x1e C:/ST/STM32CubeIDE_1.12.1/STM32CubeIDE/plugins/com.st.stm32cube.ide.mcu.externaltools.gnu-tools-for-stm32.11.3.rel1.win32_1.1.0.202305231506/tools/bin/../lib/gcc/arm-none-eabi/11.3.1/thumb/v6-m/nofp/crtn.o
OUTPUT(sun_follower.elf elf32-littlearm)
LOAD linker stubs
LOAD C:/ST/STM32CubeIDE_1.12.1/STM32CubeIDE/plugins/com.st.stm32cube.ide.mcu.externaltools.gnu-tools-for-stm32.11.3.rel1.win32_1.1.0.202305231506/tools/bin/../lib/gcc/arm-none-eabi/11.3.1/../../../../arm-none-eabi/lib/thumb/v6-m/nofp\libc.a
LOAD C:/ST/STM32CubeIDE_1.12.1/STM32CubeIDE/plugins/com.st.stm32cube.ide.mcu.externaltools.gnu-tools-for-stm32.11.3.rel1.win32_1.1.0.202305231506/tools/bin/../lib/gcc/arm-none-eabi/11.3.1/../../../../arm-none-eabi/lib/thumb/v6-m/nofp\libm.a
LOAD C:/ST/STM32CubeIDE_1.12.1/STM32CubeIDE/plugins/com.st.stm32cube.ide.mcu.externaltools.gnu-tools-for-stm32.11.3.rel1.win32_1.1.0.202305231506/tools/bin/../lib/gcc/arm-none-eabi/11.3.1/thumb/v6-m/nofp\libgcc.a

.comment        0x0000000000000000       0x43
 .comment       0x0000000000000000       0x43 C:/ST/STM32CubeIDE_1.12.1/STM32CubeIDE/plugins/com.st.stm32cube.ide.mcu.externaltools.gnu-tools-for-stm32.11.3.rel1.win32_1.1.0.202305231506/tools/bin/../lib/gcc/arm-none-eabi/11.3.1/thumb/v6-m/nofp/crtbegin.o
                                         0x44 (size before relaxing)
 .comment       0x0000000000000043       0x44 ./Core/Src/main.o
 .comment       0x0000000000000043       0x44 ./Core/Src/stm32f0xx_hal_msp.o
 .comment       0x0000000000000043       0x44 ./Core/Src/stm32f0xx_it.o
 .comment       0x0000000000000043       0x44 ./Core/Src/system_stm32f0xx.o
 .comment       0x0000000000000043       0x44 ./Drivers/STM32F0xx_HAL_Driver/Src/stm32f0xx_hal.o
 .comment       0x0000000000000043       0x44 ./Drivers/STM32F0xx_HAL_Driver/Src/stm32f0xx_hal_cortex.o
 .comment       0x0000000000000043       0x44 ./Drivers/STM32F0xx_HAL_Driver/Src/stm32f0xx_hal_dma.o
 .comment       0x0000000000000043       0x44 ./Drivers/STM32F0xx_HAL_Driver/Src/stm32f0xx_hal_gpio.o
 .comment       0x0000000000000043       0x44 ./Drivers/STM32F0xx_HAL_Driver/Src/stm32f0xx_hal_i2c.o
 .comment       0x0000000000000043       0x44 ./Drivers/STM32F0xx_HAL_Driver/Src/stm32f0xx_hal_i2c_ex.o
 .comment       0x0000000000000043       0x44 ./Drivers/STM32F0xx_HAL_Driver/Src/stm32f0xx_hal_rcc.o
 .comment       0x0000000000000043       0x44 ./Drivers/STM32F0xx_HAL_Driver/Src/stm32f0xx_hal_rcc_ex.o
 .comment       0x0000000000000043       0x44 ./Drivers/STM32F0xx_HAL_Driver/Src/stm32f0xx_hal_tim.o
 .comment       0x0000000000000043       0x44 ./Drivers/STM32F0xx_HAL_Driver/Src/stm32f0xx_hal_tim_ex.o
 .comment       0x0000000000000043       0x44 ./Drivers/STM32F0xx_HAL_Driver/Src/stm32f0xx_hal_uart.o
 .comment       0x0000000000000043       0x44 ./Drivers/STM32F0xx_HAL_Driver/Src/stm32f0xx_hal_uart_ex.o

.debug_frame    0x0000000000000000      0x6dc
 .debug_frame   0x0000000000000000       0x30 C:/ST/STM32CubeIDE_1.12.1/STM32CubeIDE/plugins/com.st.stm32cube.ide.mcu.externaltools.gnu-tools-for-stm32.11.3.rel1.win32_1.1.0.202305231506/tools/bin/../lib/gcc/arm-none-eabi/11.3.1/../../../../arm-none-eabi/lib/thumb/v6-m/nofp\libm.a(libm_a-w_asin.o)
 .debug_frame   0x0000000000000030       0x34 C:/ST/STM32CubeIDE_1.12.1/STM32CubeIDE/plugins/com.st.stm32cube.ide.mcu.externaltools.gnu-tools-for-stm32.11.3.rel1.win32_1.1.0.202305231506/tools/bin/../lib/gcc/arm-none-eabi/11.3.1/../../../../arm-none-eabi/lib/thumb/v6-m/nofp\libm.a(libm_a-w_fmod.o)
 .debug_frame   0x0000000000000064       0x30 C:/ST/STM32CubeIDE_1.12.1/STM32CubeIDE/plugins/com.st.stm32cube.ide.mcu.externaltools.gnu-tools-for-stm32.11.3.rel1.win32_1.1.0.202305231506/tools/bin/../lib/gcc/arm-none-eabi/11.3.1/../../../../arm-none-eabi/lib/thumb/v6-m/nofp\libm.a(libm_a-s_atan.o)
 .debug_frame   0x0000000000000094       0x30 C:/ST/STM32CubeIDE_1.12.1/STM32CubeIDE/plugins/com.st.stm32cube.ide.mcu.externaltools.gnu-tools-for-stm32.11.3.rel1.win32_1.1.0.202305231506/tools/bin/../lib/gcc/arm-none-eabi/11.3.1/../../../../arm-none-eabi/lib/thumb/v6-m/nofp\libm.a(libm_a-s_cos.o)
 .debug_frame   0x00000000000000c4       0x20 C:/ST/STM32CubeIDE_1.12.1/STM32CubeIDE/plugins/com.st.stm32cube.ide.mcu.externaltools.gnu-tools-for-stm32.11.3.rel1.win32_1.1.0.202305231506/tools/bin/../lib/gcc/arm-none-eabi/11.3.1/../../../../arm-none-eabi/lib/thumb/v6-m/nofp\libm.a(libm_a-s_fabs.o)
 .debug_frame   0x00000000000000e4       0x30 C:/ST/STM32CubeIDE_1.12.1/STM32CubeIDE/plugins/com.st.stm32cube.ide.mcu.externaltools.gnu-tools-for-stm32.11.3.rel1.win32_1.1.0.202305231506/tools/bin/../lib/gcc/arm-none-eabi/11.3.1/../../../../arm-none-eabi/lib/thumb/v6-m/nofp\libm.a(libm_a-s_sin.o)
 .debug_frame   0x0000000000000114       0x20 C:/ST/STM32CubeIDE_1.12.1/STM32CubeIDE/plugins/com.st.stm32cube.ide.mcu.externaltools.gnu-tools-for-stm32.11.3.rel1.win32_1.1.0.202305231506/tools/bin/../lib/gcc/arm-none-eabi/11.3.1/../../../../arm-none-eabi/lib/thumb/v6-m/nofp\libm.a(libm_a-s_nan.o)
 .debug_frame   0x0000000000000134       0x30 C:/ST/STM32CubeIDE_1.12.1/STM32CubeIDE/plugins/com.st.stm32cube.ide.mcu.externaltools.gnu-tools-for-stm32.11.3.rel1.win32_1.1.0.202305231506/tools/bin/../lib/gcc/arm-none-eabi/11.3.1/../../../../arm-none-eabi/lib/thumb/v6-m/nofp\libm.a(libm_a-k_cos.o)
 .debug_frame   0x0000000000000164       0x30 C:/ST/STM32CubeIDE_1.12.1/STM32CubeIDE/plugins/com.st.stm32cube.ide.mcu.externaltools.gnu-tools-for-stm32.11.3.rel1.win32_1.1.0.202305231506/tools/bin/../lib/gcc/arm-none-eabi/11.3.1/../../../../arm-none-eabi/lib/thumb/v6-m/nofp\libm.a(libm_a-k_sin.o)
 .debug_frame   0x0000000000000194       0x30 C:/ST/STM32CubeIDE_1.12.1/STM32CubeIDE/plugins/com.st.stm32cube.ide.mcu.externaltools.gnu-tools-for-stm32.11.3.rel1.win32_1.1.0.202305231506/tools/bin/../lib/gcc/arm-none-eabi/11.3.1/../../../../arm-none-eabi/lib/thumb/v6-m/nofp\libm.a(libm_a-e_asin.o)
 .debug_frame   0x00000000000001c4       0x30 C:/ST/STM32CubeIDE_1.12.1/STM32CubeIDE/plugins/com.st.stm32cube.ide.mcu.externaltools.gnu-tools-for-stm32.11.3.rel1.win32_1.1.0.202305231506/tools/bin/../lib/gcc/arm-none-eabi/11.3.1/../../../../arm-none-eabi/lib/thumb/v6-m/nofp\libm.a(libm_a-e_fmod.o)
 .debug_frame   0x00000000000001f4       0x30 C:/ST/STM32CubeIDE_1.12.1/STM32CubeIDE/plugins/com.st.stm32cube.ide.mcu.externaltools.gnu-tools-for-stm32.11.3.rel1.win32_1.1.0.202305231506/tools/bin/../lib/gcc/arm-none-eabi/11.3.1/../../../../arm-none-eabi/lib/thumb/v6-m/nofp\libm.a(libm_a-e_rem_pio2.o)
 .debug_frame   0x0000000000000224       0x30 C:/ST/STM32CubeIDE_1.12.1/STM32CubeIDE/plugins/com.st.stm32cube.ide.mcu.externaltools.gnu-tools-for-stm32.11.3.rel1.win32_1.1.0.202305231506/tools/bin/../lib/gcc/arm-none-eabi/11.3.1/../../../../arm-none-eabi/lib/thumb/v6-m/nofp\libm.a(libm_a-e_sqrt.o)
 .debug_frame   0x0000000000000254       0x34 C:/ST/STM32CubeIDE_1.12.1/STM32CubeIDE/plugins/com.st.stm32cube.ide.mcu.externaltools.gnu-tools-for-stm32.11.3.rel1.win32_1.1.0.202305231506/tools/bin/../lib/gcc/arm-none-eabi/11.3.1/../../../../arm-none-eabi/lib/thumb/v6-m/nofp\libm.a(libm_a-k_rem_pio2.o)
 .debug_frame   0x0000000000000288       0x2c C:/ST/STM32CubeIDE_1.12.1/STM32CubeIDE/plugins/com.st.stm32cube.ide.mcu.externaltools.gnu-tools-for-stm32.11.3.rel1.win32_1.1.0.202305231506/tools/bin/../lib/gcc/arm-none-eabi/11.3.1/../../../../arm-none-eabi/lib/thumb/v6-m/nofp\libm.a(libm_a-s_scalbn.o)
 .debug_frame   0x00000000000002b4       0x34 C:/ST/STM32CubeIDE_1.12.1/STM32CubeIDE/plugins/com.st.stm32cube.ide.mcu.externaltools.gnu-tools-for-stm32.11.3.rel1.win32_1.1.0.202305231506/tools/bin/../lib/gcc/arm-none-eabi/11.3.1/../../../../arm-none-eabi/lib/thumb/v6-m/nofp\libm.a(libm_a-s_floor.o)
 .debug_frame   0x00000000000002e8      0x138 C:/ST/STM32CubeIDE_1.12.1/STM32CubeIDE/plugins/com.st.stm32cube.ide.mcu.externaltools.gnu-tools-for-stm32.11.3.rel1.win32_1.1.0.202305231506/tools/bin/../lib/gcc/arm-none-eabi/11.3.1/../../../../arm-none-eabi/lib/thumb/v6-m/nofp\libc_nano.a(libc_a-findfp.o)
 .debug_frame   0x0000000000000420       0x20 C:/ST/STM32CubeIDE_1.12.1/STM32CubeIDE/plugins/com.st.stm32cube.ide.mcu.externaltools.gnu-tools-for-stm32.11.3.rel1.win32_1.1.0.202305231506/tools/bin/../lib/gcc/arm-none-eabi/11.3.1/../../../../arm-none-eabi/lib/thumb/v6-m/nofp\libc_nano.a(libc_a-memset.o)
 .debug_frame   0x0000000000000440       0x20 C:/ST/STM32CubeIDE_1.12.1/STM32CubeIDE/plugins/com.st.stm32cube.ide.mcu.externaltools.gnu-tools-for-stm32.11.3.rel1.win32_1.1.0.202305231506/tools/bin/../lib/gcc/arm-none-eabi/11.3.1/../../../../arm-none-eabi/lib/thumb/v6-m/nofp\libc_nano.a(libc_a-errno.o)
 .debug_frame   0x0000000000000460       0x2c C:/ST/STM32CubeIDE_1.12.1/STM32CubeIDE/plugins/com.st.stm32cube.ide.mcu.externaltools.gnu-tools-for-stm32.11.3.rel1.win32_1.1.0.202305231506/tools/bin/../lib/gcc/arm-none-eabi/11.3.1/../../../../arm-none-eabi/lib/thumb/v6-m/nofp\libc_nano.a(libc_a-init.o)
 .debug_frame   0x000000000000048c       0x20 C:/ST/STM32CubeIDE_1.12.1/STM32CubeIDE/plugins/com.st.stm32cube.ide.mcu.externaltools.gnu-tools-for-stm32.11.3.rel1.win32_1.1.0.202305231506/tools/bin/../lib/gcc/arm-none-eabi/11.3.1/thumb/v6-m/nofp\libgcc.a(_udivsi3.o)
 .debug_frame   0x00000000000004ac       0x20 C:/ST/STM32CubeIDE_1.12.1/STM32CubeIDE/plugins/com.st.stm32cube.ide.mcu.externaltools.gnu-tools-for-stm32.11.3.rel1.win32_1.1.0.202305231506/tools/bin/../lib/gcc/arm-none-eabi/11.3.1/thumb/v6-m/nofp\libgcc.a(_divsi3.o)
 .debug_frame   0x00000000000004cc       0x38 C:/ST/STM32CubeIDE_1.12.1/STM32CubeIDE/plugins/com.st.stm32cube.ide.mcu.externaltools.gnu-tools-for-stm32.11.3.rel1.win32_1.1.0.202305231506/tools/bin/../lib/gcc/arm-none-eabi/11.3.1/thumb/v6-m/nofp\libgcc.a(adddf3.o)
 .debug_frame   0x0000000000000504       0x3c C:/ST/STM32CubeIDE_1.12.1/STM32CubeIDE/plugins/com.st.stm32cube.ide.mcu.externaltools.gnu-tools-for-stm32.11.3.rel1.win32_1.1.0.202305231506/tools/bin/../lib/gcc/arm-none-eabi/11.3.1/thumb/v6-m/nofp\libgcc.a(divdf3.o)
 .debug_frame   0x0000000000000540       0x38 C:/ST/STM32CubeIDE_1.12.1/STM32CubeIDE/plugins/com.st.stm32cube.ide.mcu.externaltools.gnu-tools-for-stm32.11.3.rel1.win32_1.1.0.202305231506/tools/bin/../lib/gcc/arm-none-eabi/11.3.1/thumb/v6-m/nofp\libgcc.a(eqdf2.o)
 .debug_frame   0x0000000000000578       0x34 C:/ST/STM32CubeIDE_1.12.1/STM32CubeIDE/plugins/com.st.stm32cube.ide.mcu.externaltools.gnu-tools-for-stm32.11.3.rel1.win32_1.1.0.202305231506/tools/bin/../lib/gcc/arm-none-eabi/11.3.1/thumb/v6-m/nofp\libgcc.a(gedf2.o)
 .debug_frame   0x00000000000005ac       0x34 C:/ST/STM32CubeIDE_1.12.1/STM32CubeIDE/plugins/com.st.stm32cube.ide.mcu.externaltools.gnu-tools-for-stm32.11.3.rel1.win32_1.1.0.202305231506/tools/bin/../lib/gcc/arm-none-eabi/11.3.1/thumb/v6-m/nofp\libgcc.a(ledf2.o)
 .debug_frame   0x00000000000005e0       0x3c C:/ST/STM32CubeIDE_1.12.1/STM32CubeIDE/plugins/com.st.stm32cube.ide.mcu.externaltools.gnu-tools-for-stm32.11.3.rel1.win32_1.1.0.202305231506/tools/bin/../lib/gcc/arm-none-eabi/11.3.1/thumb/v6-m/nofp\libgcc.a(muldf3.o)
 .debug_frame   0x000000000000061c       0x3c C:/ST/STM32CubeIDE_1.12.1/STM32CubeIDE/plugins/com.st.stm32cube.ide.mcu.externaltools.gnu-tools-for-stm32.11.3.rel1.win32_1.1.0.202305231506/tools/bin/../lib/gcc/arm-none-eabi/11.3.1/thumb/v6-m/nofp\libgcc.a(subdf3.o)
 .debug_frame   0x0000000000000658       0x2c C:/ST/STM32CubeIDE_1.12.1/STM32CubeIDE/plugins/com.st.stm32cube.ide.mcu.externaltools.gnu-tools-for-stm32.11.3.rel1.win32_1.1.0.202305231506/tools/bin/../lib/gcc/arm-none-eabi/11.3.1/thumb/v6-m/nofp\libgcc.a(unorddf2.o)
 .debug_frame   0x0000000000000684       0x2c C:/ST/STM32CubeIDE_1.12.1/STM32CubeIDE/plugins/com.st.stm32cube.ide.mcu.externaltools.gnu-tools-for-stm32.11.3.rel1.win32_1.1.0.202305231506/tools/bin/../lib/gcc/arm-none-eabi/11.3.1/thumb/v6-m/nofp\libgcc.a(fixdfsi.o)
 .debug_frame   0x00000000000006b0       0x2c C:/ST/STM32CubeIDE_1.12.1/STM32CubeIDE/plugins/com.st.stm32cube.ide.mcu.externaltools.gnu-tools-for-stm32.11.3.rel1.win32_1.1.0.202305231506/tools/bin/../lib/gcc/arm-none-eabi/11.3.1/thumb/v6-m/nofp\libgcc.a(floatsidf.o)
