../Core/Src/itoa.h:16:7:itoa.part.0	32	static
../Core/Src/ds3231.h:64:9:decToBcd	16	static
../Core/Src/ds3231.h:66:5:bcdToDec	0	static
../Core/Src/ds3231.h:89:5:Get_Time	48	static
../Core/Src/gy271.h:46:6:Setup_Compass	40	static
../Core/Src/gy271.h:74:5:Compass_Data_Ready	40	static
../Core/Src/gy271.h:89:14:Compass_x_read	48	static
../Core/Src/gy271.h:112:14:Compass_y_read	48	static
../Core/Src/gy271.h:135:14:Compass_z_read	48	static
../Core/Src/gy271.h:156:5:Read_Compass_Data	16	static
../Core/Src/gy271.h:163:5:Get_Compass_x_Vector	0	static
../Core/Src/gy271.h:168:5:Get_Compass_y_Vector	0	static
../Core/Src/gy271.h:173:5:Get_Compass_z_Vector	0	static
../Core/Src/itoa.h:16:7:itoa	8	static
../Core/Src/sun_prediction.h:18:5:is_leap_year	8	static
../Core/Src/sun_prediction.h:34:5:sun_azimut	64	static
../Core/Src/main.c:148:6:SystemClock_Config	96	static,ignoring_inline_asm
../Core/Src/main.c:83:5:main	56	static,ignoring_inline_asm
../Core/Src/main.c:413:6:HAL_TIM_PeriodElapsedCallback	24	static
../Core/Src/main.c:424:6:HAL_GPIO_EXTI_Callback	8	static
../Core/Src/main.c:451:6:USART1_IRQHandler	32	static
../Core/Src/main.c:574:6:Error_Handler	0	static,ignoring_inline_asm
